Archive member included to satisfy reference by file (symbol)

c:/st/stm32cubeide_1.8.0/stm32cubeide/plugins/com.st.stm32cube.ide.mcu.externaltools.gnu-tools-for-stm32.9-2020-q2-update.win32_2.0.0.202105311346/tools/bin/../lib/gcc/arm-none-eabi/9.3.1/../../../../arm-none-eabi/lib/thumb/v7e-m+fp/hard\libc_nano.a(lib_a-errno.o)
                              ./Core/Src/syscalls.o (__errno)
c:/st/stm32cubeide_1.8.0/stm32cubeide/plugins/com.st.stm32cube.ide.mcu.externaltools.gnu-tools-for-stm32.9-2020-q2-update.win32_2.0.0.202105311346/tools/bin/../lib/gcc/arm-none-eabi/9.3.1/../../../../arm-none-eabi/lib/thumb/v7e-m+fp/hard\libc_nano.a(lib_a-exit.o)
                              c:/st/stm32cubeide_1.8.0/stm32cubeide/plugins/com.st.stm32cube.ide.mcu.externaltools.gnu-tools-for-stm32.9-2020-q2-update.win32_2.0.0.202105311346/tools/bin/../lib/gcc/arm-none-eabi/9.3.1/../../../../arm-none-eabi/lib/thumb/v7e-m+fp/hard/crt0.o (exit)
c:/st/stm32cubeide_1.8.0/stm32cubeide/plugins/com.st.stm32cube.ide.mcu.externaltools.gnu-tools-for-stm32.9-2020-q2-update.win32_2.0.0.202105311346/tools/bin/../lib/gcc/arm-none-eabi/9.3.1/../../../../arm-none-eabi/lib/thumb/v7e-m+fp/hard\libc_nano.a(lib_a-impure.o)
                              c:/st/stm32cubeide_1.8.0/stm32cubeide/plugins/com.st.stm32cube.ide.mcu.externaltools.gnu-tools-for-stm32.9-2020-q2-update.win32_2.0.0.202105311346/tools/bin/../lib/gcc/arm-none-eabi/9.3.1/../../../../arm-none-eabi/lib/thumb/v7e-m+fp/hard\libc_nano.a(lib_a-exit.o) (_global_impure_ptr)
c:/st/stm32cubeide_1.8.0/stm32cubeide/plugins/com.st.stm32cube.ide.mcu.externaltools.gnu-tools-for-stm32.9-2020-q2-update.win32_2.0.0.202105311346/tools/bin/../lib/gcc/arm-none-eabi/9.3.1/../../../../arm-none-eabi/lib/thumb/v7e-m+fp/hard\libc_nano.a(lib_a-init.o)
                              c:/st/stm32cubeide_1.8.0/stm32cubeide/plugins/com.st.stm32cube.ide.mcu.externaltools.gnu-tools-for-stm32.9-2020-q2-update.win32_2.0.0.202105311346/tools/bin/../lib/gcc/arm-none-eabi/9.3.1/../../../../arm-none-eabi/lib/thumb/v7e-m+fp/hard/crt0.o (__libc_init_array)
c:/st/stm32cubeide_1.8.0/stm32cubeide/plugins/com.st.stm32cube.ide.mcu.externaltools.gnu-tools-for-stm32.9-2020-q2-update.win32_2.0.0.202105311346/tools/bin/../lib/gcc/arm-none-eabi/9.3.1/../../../../arm-none-eabi/lib/thumb/v7e-m+fp/hard\libc_nano.a(lib_a-itoa.o)
                              ./Core/Src/ayarlar.o (itoa)
c:/st/stm32cubeide_1.8.0/stm32cubeide/plugins/com.st.stm32cube.ide.mcu.externaltools.gnu-tools-for-stm32.9-2020-q2-update.win32_2.0.0.202105311346/tools/bin/../lib/gcc/arm-none-eabi/9.3.1/../../../../arm-none-eabi/lib/thumb/v7e-m+fp/hard\libc_nano.a(lib_a-memset.o)
                              c:/st/stm32cubeide_1.8.0/stm32cubeide/plugins/com.st.stm32cube.ide.mcu.externaltools.gnu-tools-for-stm32.9-2020-q2-update.win32_2.0.0.202105311346/tools/bin/../lib/gcc/arm-none-eabi/9.3.1/../../../../arm-none-eabi/lib/thumb/v7e-m+fp/hard/crt0.o (memset)
c:/st/stm32cubeide_1.8.0/stm32cubeide/plugins/com.st.stm32cube.ide.mcu.externaltools.gnu-tools-for-stm32.9-2020-q2-update.win32_2.0.0.202105311346/tools/bin/../lib/gcc/arm-none-eabi/9.3.1/../../../../arm-none-eabi/lib/thumb/v7e-m+fp/hard\libc_nano.a(lib_a-utoa.o)
                              c:/st/stm32cubeide_1.8.0/stm32cubeide/plugins/com.st.stm32cube.ide.mcu.externaltools.gnu-tools-for-stm32.9-2020-q2-update.win32_2.0.0.202105311346/tools/bin/../lib/gcc/arm-none-eabi/9.3.1/../../../../arm-none-eabi/lib/thumb/v7e-m+fp/hard\libc_nano.a(lib_a-itoa.o) (__utoa)
c:/st/stm32cubeide_1.8.0/stm32cubeide/plugins/com.st.stm32cube.ide.mcu.externaltools.gnu-tools-for-stm32.9-2020-q2-update.win32_2.0.0.202105311346/tools/bin/../lib/gcc/arm-none-eabi/9.3.1/thumb/v7e-m+fp/hard\libgcc.a(_aeabi_uldivmod.o)
                              ./Drivers/STM32F4xx_HAL_Driver/Src/stm32f4xx_hal_rcc.o (__aeabi_uldivmod)
c:/st/stm32cubeide_1.8.0/stm32cubeide/plugins/com.st.stm32cube.ide.mcu.externaltools.gnu-tools-for-stm32.9-2020-q2-update.win32_2.0.0.202105311346/tools/bin/../lib/gcc/arm-none-eabi/9.3.1/thumb/v7e-m+fp/hard\libgcc.a(_udivmoddi4.o)
                              c:/st/stm32cubeide_1.8.0/stm32cubeide/plugins/com.st.stm32cube.ide.mcu.externaltools.gnu-tools-for-stm32.9-2020-q2-update.win32_2.0.0.202105311346/tools/bin/../lib/gcc/arm-none-eabi/9.3.1/thumb/v7e-m+fp/hard\libgcc.a(_aeabi_uldivmod.o) (__udivmoddi4)
c:/st/stm32cubeide_1.8.0/stm32cubeide/plugins/com.st.stm32cube.ide.mcu.externaltools.gnu-tools-for-stm32.9-2020-q2-update.win32_2.0.0.202105311346/tools/bin/../lib/gcc/arm-none-eabi/9.3.1/thumb/v7e-m+fp/hard\libgcc.a(_dvmd_tls.o)
                              c:/st/stm32cubeide_1.8.0/stm32cubeide/plugins/com.st.stm32cube.ide.mcu.externaltools.gnu-tools-for-stm32.9-2020-q2-update.win32_2.0.0.202105311346/tools/bin/../lib/gcc/arm-none-eabi/9.3.1/thumb/v7e-m+fp/hard\libgcc.a(_aeabi_uldivmod.o) (__aeabi_ldiv0)

Allocating common symbols
Common symbol       size              file

[...]
Memory Configuration

Name             Origin             Length             Attributes
CCMRAM           0x0000000010000000 0x0000000000010000 xrw
RAM              0x0000000020000000 0x0000000000020000 xrw
FLASH            0x0000000008000000 0x0000000000100000 xr
*default*        0x0000000000000000 0xffffffffffffffff

Linker script and memory map

LOAD c:/st/stm32cubeide_1.8.0/stm32cubeide/plugins/com.st.stm32cube.ide.mcu.externaltools.gnu-tools-for-stm32.9-2020-q2-update.win32_2.0.0.202105311346/tools/bin/../lib/gcc/arm-none-eabi/9.3.1/thumb/v7e-m+fp/hard/crti.o
LOAD c:/st/stm32cubeide_1.8.0/stm32cubeide/plugins/com.st.stm32cube.ide.mcu.externaltools.gnu-tools-for-stm32.9-2020-q2-update.win32_2.0.0.202105311346/tools/bin/../lib/gcc/arm-none-eabi/9.3.1/thumb/v7e-m+fp/hard/crtbegin.o
LOAD c:/st/stm32cubeide_1.8.0/stm32cubeide/plugins/com.st.stm32cube.ide.mcu.externaltools.gnu-tools-for-stm32.9-2020-q2-update.win32_2.0.0.202105311346/tools/bin/../lib/gcc/arm-none-eabi/9.3.1/../../../../arm-none-eabi/lib/thumb/v7e-m+fp/hard/crt0.o
LOAD ./Core/Src/STM32F407_I2C_LCD16x02_Driver.o
LOAD ./Core/Src/ayarlar.o
LOAD ./Core/Src/liquidcrystal_i2c.o
LOAD ./Core/Src/main.o
LOAD ./Core/Src/rtc.o
LOAD ./Core/Src/stm32f4xx_hal_msp.o
LOAD ./Core/Src/stm32f4xx_it.o
LOAD ./Core/Src/syscalls.o
LOAD ./Core/Src/sysmem.o
LOAD ./Core/Src/system_stm32f4xx.o
LOAD ./Core/Startup/startup_stm32f407vgtx.o
LOAD ./Drivers/STM32F4xx_HAL_Driver/Src/stm32f4xx_hal.o
LOAD ./Drivers/STM32F4xx_HAL_Driver/Src/stm32f4xx_hal_cortex.o
LOAD ./Drivers/STM32F4xx_HAL_Driver/Src/stm32f4xx_hal_dma.o
LOAD ./Drivers/STM32F4xx_HAL_Driver/Src/stm32f4xx_hal_dma_ex.o
LOAD ./Drivers/STM32F4xx_HAL_Driver/Src/stm32f4xx_hal_exti.o
LOAD ./Drivers/STM32F4xx_HAL_Driver/Src/stm32f4xx_hal_flash.o
LOAD ./Drivers/STM32F4xx_HAL_Driver/Src/stm32f4xx_hal_flash_ex.o
LOAD ./Drivers/STM32F4xx_HAL_Driver/Src/stm32f4xx_hal_flash_ramfunc.o
LOAD ./Drivers/STM32F4xx_HAL_Driver/Src/stm32f4xx_hal_gpio.o
LOAD ./Drivers/STM32F4xx_HAL_Driver/Src/stm32f4xx_hal_i2c.o
LOAD ./Drivers/STM32F4xx_HAL_Driver/Src/stm32f4xx_hal_i2c_ex.o
LOAD ./Drivers/STM32F4xx_HAL_Driver/Src/stm32f4xx_hal_pwr.o
LOAD ./Drivers/STM32F4xx_HAL_Driver/Src/stm32f4xx_hal_pwr_ex.o
LOAD ./Drivers/STM32F4xx_HAL_Driver/Src/stm32f4xx_hal_rcc.o
LOAD ./Drivers/STM32F4xx_HAL_Driver/Src/stm32f4xx_hal_rcc_ex.o
LOAD ./Drivers/STM32F4xx_HAL_Driver/Src/stm32f4xx_hal_tim.o
LOAD ./Drivers/STM32F4xx_HAL_Driver/Src/stm32f4xx_hal_tim_ex.o
START GROUP
LOAD c:/st/stm32cubeide_1.8.0/stm32cubeide/plugins/com.st.stm32cube.ide.mcu.externaltools.gnu-tools-for-stm32.9-2020-q2-update.win32_2.0.0.202105311346/tools/bin/../lib/gcc/arm-none-eabi/9.3.1/../../../../arm-none-eabi/lib/thumb/v7e-m+fp/hard\libc_nano.a
LOAD c:/st/stm32cubeide_1.8.0/stm32cubeide/plugins/com.st.stm32cube.ide.mcu.externaltools.gnu-tools-for-stm32.9-2020-q2-update.win32_2.0.0.202105311346/tools/bin/../lib/gcc/arm-none-eabi/9.3.1/../../../../arm-none-eabi/lib/thumb/v7e-m+fp/hard\libm.a
END GROUP
START GROUP
LOAD c:/st/stm32cubeide_1.8.0/stm32cubeide/plugins/com.st.stm32cube.ide.mcu.externaltools.gnu-tools-for-stm32.9-2020-q2-update.win32_2.0.0.202105311346/tools/bin/../lib/gcc/arm-none-eabi/9.3.1/thumb/v7e-m+fp/hard\libgcc.a
LOAD c:/st/stm32cubeide_1.8.0/stm32cubeide/plugins/com.st.stm32cube.ide.mcu.externaltools.gnu-tools-for-stm32.9-2020-q2-update.win32_2.0.0.202105311346/tools/bin/../lib/gcc/arm-none-eabi/9.3.1/../../../../arm-none-eabi/lib/thumb/v7e-m+fp/hard\libc_nano.a
END GROUP
START GROUP
LOAD c:/st/stm32cubeide_1.8.0/stm32cubeide/plugins/com.st.stm32cube.ide.mcu.externaltools.gnu-tools-for-stm32.9-2020-q2-update.win32_2.0.0.202105311346/tools/bin/../lib/gcc/arm-none-eabi/9.3.1/thumb/v7e-m+fp/hard\libgcc.a
LOAD c:/st/stm32cubeide_1.8.0/stm32cubeide/plugins/com.st.stm32cube.ide.mcu.externaltools.gnu-tools-for-stm32.9-2020-q2-update.win32_2.0.0.202105311346/tools/bin/../lib/gcc/arm-none-eabi/9.3.1/../../../../arm-none-eabi/lib/thumb/v7e-m+fp/hard\libc_nano.a
LOAD c:/st/stm32cubeide_1.8.0/stm32cubeide/plugins/com.st.stm32cube.ide.mcu.externaltools.gnu-tools-for-stm32.9-2020-q2-update.win32_2.0.0.202105311346/tools/bin/../lib/gcc/arm-none-eabi/9.3.1/../../../../arm-none-eabi/lib/thumb/v7e-m+fp/hard\libnosys.a
END GROUP
START GROUP
LOAD c:/st/stm32cubeide_1.8.0/stm32cubeide/plugins/com.st.stm32cube.ide.mcu.externaltools.gnu-tools-for-stm32.9-2020-q2-update.win32_2.0.0.202105311346/tools/bin/../lib/gcc/arm-none-eabi/9.3.1/thumb/v7e-m+fp/hard\libgcc.a
LOAD c:/st/stm32cubeide_1.8.0/stm32cubeide/plugins/com.st.stm32cube.ide.mcu.externaltools.gnu-tools-for-stm32.9-2020-q2-update.win32_2.0.0.202105311346/tools/bin/../lib/gcc/arm-none-eabi/9.3.1/../../../../arm-none-eabi/lib/thumb/v7e-m+fp/hard\libc_nano.a
LOAD c:/st/stm32cubeide_1.8.0/stm32cubeide/plugins/com.st.stm32cube.ide.mcu.externaltools.gnu-tools-for-stm32.9-2020-q2-update.win32_2.0.0.202105311346/tools/bin/../lib/gcc/arm-none-eabi/9.3.1/../../../../arm-none-eabi/lib/thumb/v7e-m+fp/hard\libnosys.a
END GROUP
LOAD c:/st/stm32cubeide_1.8.0/stm32cubeide/plugins/com.st.stm32cube.ide.mcu.externaltools.gnu-tools-for-stm32.9-2020-q2-update.win32_2.0.0.202105311346/tools/bin/../lib/gcc/arm-none-eabi/9.3.1/thumb/v7e-m+fp/hard/crtend.o
LOAD c:/st/stm32cubeide_1.8.0/stm32cubeide/plugins/com.st.stm32cube.ide.mcu.externaltools.gnu-tools-for-stm32.9-2020-q2-update.win32_2.0.0.202105311346/tools/bin/../lib/gcc/arm-none-eabi/9.3.1/thumb/v7e-m+fp/hard/crtn.o
                0x0000000020020000                _estack = (ORIGIN (RAM) + LENGTH (RAM))
                0x0000000000000200                _Min_Heap_Size = 0x200
                0x0000000000000400                _Min_Stack_Size = 0x400

.isr_vector     0x0000000008000000      0x188
                0x0000000008000000                . = ALIGN (0x4)
 *(.isr_vector)
 .isr_vector    0x0000000008000000      0x188 ./Core/Startup/startup_stm32f407vgtx.o
                0x0000000008000000                g_pfnVectors
                0x0000000008000188                . = ALIGN (0x4)

.text           0x0000000008000188     0x8bd0
                0x0000000008000188                . = ALIGN (0x4)
 *(.text)
 .text          0x0000000008000188       0x40 c:/st/stm32cubeide_1.8.0/stm32cubeide/plugins/com.st.stm32cube.ide.mcu.externaltools.gnu-tools-for-stm32.9-2020-q2-update.win32_2.0.0.202105311346/tools/bin/../lib/gcc/arm-none-eabi/9.3.1/thumb/v7e-m+fp/hard/crtbegin.o
 .text          0x00000000080001c8       0x30 c:/st/stm32cubeide_1.8.0/stm32cubeide/plugins/com.st.stm32cube.ide.mcu.externaltools.gnu-tools-for-stm32.9-2020-q2-update.win32_2.0.0.202105311346/tools/bin/../lib/gcc/arm-none-eabi/9.3.1/thumb/v7e-m+fp/hard\libgcc.a(_aeabi_uldivmod.o)
                0x00000000080001c8                __aeabi_uldivmod
 .text          0x00000000080001f8      0x2c4 c:/st/stm32cubeide_1.8.0/stm32cubeide/plugins/com.st.stm32cube.ide.mcu.externaltools.gnu-tools-for-stm32.9-2020-q2-update.win32_2.0.0.202105311346/tools/bin/../lib/gcc/arm-none-eabi/9.3.1/thumb/v7e-m+fp/hard\libgcc.a(_udivmoddi4.o)
                0x00000000080001f8                __udivmoddi4
 .text          0x00000000080004bc        0x4 c:/st/stm32cubeide_1.8.0/stm32cubeide/plugins/com.st.stm32cube.ide.mcu.externaltools.gnu-tools-for-stm32.9-2020-q2-update.win32_2.0.0.202105311346/tools/bin/../lib/gcc/arm-none-eabi/9.3.1/thumb/v7e-m+fp/hard\libgcc.a(_dvmd_tls.o)
                0x00000000080004bc                __aeabi_idiv0
                0x00000000080004bc                __aeabi_ldiv0
 *(.text*)
 .text.GPIO_Config
                0x00000000080004c0       0x98 ./Core/Src/STM32F407_I2C_LCD16x02_Driver.o
 .text.I2C_Config
                0x0000000008000558       0x78 ./Core/Src/STM32F407_I2C_LCD16x02_Driver.o
 .text.LCD_Send_Cmd
                0x00000000080005d0       0xa0 ./Core/Src/STM32F407_I2C_LCD16x02_Driver.o
                0x00000000080005d0                LCD_Send_Cmd
 .text.LCD_Send_Data
                0x0000000008000670       0x9c ./Core/Src/STM32F407_I2C_LCD16x02_Driver.o
                0x0000000008000670                LCD_Send_Data
 .text.LCD_Init
                0x000000000800070c       0x3a ./Core/Src/STM32F407_I2C_LCD16x02_Driver.o
                0x000000000800070c                LCD_Init
 .text.LCD_Send_String
                0x0000000008000746       0x2a ./Core/Src/STM32F407_I2C_LCD16x02_Driver.o
                0x0000000008000746                LCD_Send_String
 .text.LCD_Send_String_On_Line1
                0x0000000008000770       0x1c ./Core/Src/STM32F407_I2C_LCD16x02_Driver.o
                0x0000000008000770                LCD_Send_String_On_Line1
 .text.LCD_Send_String_On_Line2
                0x000000000800078c       0x1c ./Core/Src/STM32F407_I2C_LCD16x02_Driver.o
                0x000000000800078c                LCD_Send_String_On_Line2
 .text.Genel_Ekran_Ayar
                0x00000000080007a8      0x214 ./Core/Src/ayarlar.o
                0x00000000080007a8                Genel_Ekran_Ayar
 .text.Ayar_Gun
                0x00000000080009bc      0x66c ./Core/Src/ayarlar.o
                0x00000000080009bc                Ayar_Gun
 .text.Ayar_Pompa
                0x0000000008001028      0x3a4 ./Core/Src/ayarlar.o
                0x0000000008001028                Ayar_Pompa
 .text.pompa1_ayar
                0x00000000080013cc      0x53c ./Core/Src/ayarlar.o
                0x00000000080013cc                pompa1_ayar
 .text.pompa2_ayar
                0x0000000008001908      0x4d8 ./Core/Src/ayarlar.o
                0x0000000008001908                pompa2_ayar
 .text.pompa3_ayar
                0x0000000008001de0      0x3ac ./Core/Src/ayarlar.o
                0x0000000008001de0                pompa3_ayar
 .text.pompa4_ayar
                0x000000000800218c      0x4e4 ./Core/Src/ayarlar.o
                0x000000000800218c                pompa4_ayar
 .text.pazartesi
                0x0000000008002670      0x5a0 ./Core/Src/ayarlar.o
                0x0000000008002670                pazartesi
 .text.sali     0x0000000008002c10      0x5a0 ./Core/Src/ayarlar.o
                0x0000000008002c10                sali
 .text.carsamba
                0x00000000080031b0      0x5b4 ./Core/Src/ayarlar.o
                0x00000000080031b0                carsamba
 .text.persembe
                0x0000000008003764      0x584 ./Core/Src/ayarlar.o
                0x0000000008003764                persembe
 .text.cuma     0x0000000008003ce8      0x584 ./Core/Src/ayarlar.o
                0x0000000008003ce8                cuma
 .text.cumartesi
                0x000000000800426c      0x584 ./Core/Src/ayarlar.o
                0x000000000800426c                cumartesi
 .text.pazar    0x00000000080047f0      0x584 ./Core/Src/ayarlar.o
                0x00000000080047f0                pazar
 .text.saat_ayarlar
                0x0000000008004d74      0x544 ./Core/Src/ayarlar.o
                0x0000000008004d74                saat_ayarlar
 .text.Flash_Write
                0x00000000080052b8       0x5a ./Core/Src/ayarlar.o
                0x00000000080052b8                Flash_Write
 .text.Flash_Write2
                0x0000000008005312       0x5a ./Core/Src/ayarlar.o
                0x0000000008005312                Flash_Write2
 .text.Flash_Write3
                0x000000000800536c       0x5a ./Core/Src/ayarlar.o
                0x000000000800536c                Flash_Write3
 .text.Flash_Write4
                0x00000000080053c6       0x5a ./Core/Src/ayarlar.o
                0x00000000080053c6                Flash_Write4
 .text.Flash_Write5
                0x0000000008005420       0x60 ./Core/Src/ayarlar.o
                0x0000000008005420                Flash_Write5
 .text.Flash_Read
                0x0000000008005480       0x40 ./Core/Src/ayarlar.o
                0x0000000008005480                Flash_Read
 .text.Flash_Read2
                0x00000000080054c0       0x40 ./Core/Src/ayarlar.o
                0x00000000080054c0                Flash_Read2
 .text.Flash_Read3
                0x0000000008005500       0x40 ./Core/Src/ayarlar.o
                0x0000000008005500                Flash_Read3
 .text.Flash_Read4
                0x0000000008005540       0x40 ./Core/Src/ayarlar.o
                0x0000000008005540                Flash_Read4
 .text.Flash_Read5
                0x0000000008005580       0x40 ./Core/Src/ayarlar.o
                0x0000000008005580                Flash_Read5
 .text.HD44780_Init
                0x00000000080055c0      0x108 ./Core/Src/liquidcrystal_i2c.o
                0x00000000080055c0                HD44780_Init
 .text.HD44780_Clear
                0x00000000080056c8       0x16 ./Core/Src/liquidcrystal_i2c.o
                0x00000000080056c8                HD44780_Clear
 .text.HD44780_Home
                0x00000000080056de       0x16 ./Core/Src/liquidcrystal_i2c.o
                0x00000000080056de                HD44780_Home
 .text.HD44780_SetCursor
                0x00000000080056f4       0x64 ./Core/Src/liquidcrystal_i2c.o
                0x00000000080056f4                HD44780_SetCursor
 .text.HD44780_Display
                0x0000000008005758       0x2c ./Core/Src/liquidcrystal_i2c.o
                0x0000000008005758                HD44780_Display
 .text.HD44780_CreateSpecialChar
                0x0000000008005784       0x52 ./Core/Src/liquidcrystal_i2c.o
                0x0000000008005784                HD44780_CreateSpecialChar
 .text.HD44780_PrintStr
                0x00000000080057d6       0x2a ./Core/Src/liquidcrystal_i2c.o
                0x00000000080057d6                HD44780_PrintStr
 .text.SendCommand
                0x0000000008005800       0x1c ./Core/Src/liquidcrystal_i2c.o
 .text.SendChar
                0x000000000800581c       0x1c ./Core/Src/liquidcrystal_i2c.o
 .text.Send     0x0000000008005838       0x42 ./Core/Src/liquidcrystal_i2c.o
 .text.Write4Bits
                0x000000000800587a       0x22 ./Core/Src/liquidcrystal_i2c.o
 .text.ExpanderWrite
                0x000000000800589c       0x38 ./Core/Src/liquidcrystal_i2c.o
 .text.PulseEnable
                0x00000000080058d4       0x3a ./Core/Src/liquidcrystal_i2c.o
 *fill*         0x000000000800590e        0x2 
 .text.DelayInit
                0x0000000008005910       0x54 ./Core/Src/liquidcrystal_i2c.o
 .text.DelayUS  0x0000000008005964       0x50 ./Core/Src/liquidcrystal_i2c.o
 .text.timer_start
                0x00000000080059b4       0x30 ./Core/Src/main.o
                0x00000000080059b4                timer_start
 .text.main     0x00000000080059e4      0x238 ./Core/Src/main.o
                0x00000000080059e4                main
 .text.SystemClock_Config
                0x0000000008005c1c       0xd4 ./Core/Src/main.o
                0x0000000008005c1c                SystemClock_Config
 .text.MX_I2C1_Init
                0x0000000008005cf0       0x5c ./Core/Src/main.o
 .text.MX_TIM2_Init
                0x0000000008005d4c       0x9c ./Core/Src/main.o
 .text.MX_GPIO_Init
                0x0000000008005de8       0xf8 ./Core/Src/main.o
 .text.Error_Handler
                0x0000000008005ee0        0xa ./Core/Src/main.o
                0x0000000008005ee0                Error_Handler
 *fill*         0x0000000008005eea        0x2 
 .text.DEC2BCD  0x0000000008005eec       0x4c ./Core/Src/rtc.o
                0x0000000008005eec                DEC2BCD
 .text.BCD2DEC  0x0000000008005f38       0x32 ./Core/Src/rtc.o
                0x0000000008005f38                BCD2DEC
 *fill*         0x0000000008005f6a        0x2 
 .text.write_data_set
                0x0000000008005f6c       0x18 ./Core/Src/rtc.o
                0x0000000008005f6c                write_data_set
 .text.write_data_reset
                0x0000000008005f84       0x18 ./Core/Src/rtc.o
                0x0000000008005f84                write_data_reset
 .text.read_data_pin
                0x0000000008005f9c       0x24 ./Core/Src/rtc.o
                0x0000000008005f9c                read_data_pin
 .text.write_clk_set
                0x0000000008005fc0       0x18 ./Core/Src/rtc.o
                0x0000000008005fc0                write_clk_set
 .text.write_clk_reset
                0x0000000008005fd8       0x18 ./Core/Src/rtc.o
                0x0000000008005fd8                write_clk_reset
 .text.write_rst_set
                0x0000000008005ff0       0x18 ./Core/Src/rtc.o
                0x0000000008005ff0                write_rst_set
 .text.write_rst_reset
                0x0000000008006008       0x18 ./Core/Src/rtc.o
                0x0000000008006008                write_rst_reset
 .text.dat_pin_write_mode
                0x0000000008006020       0x30 ./Core/Src/rtc.o
 .text.dat_pin_read_mode
                0x0000000008006050       0x34 ./Core/Src/rtc.o
 .text.ds1302_pin_init
                0x0000000008006084       0x40 ./Core/Src/rtc.o
                0x0000000008006084                ds1302_pin_init
 .text.DS1302_Init
                0x00000000080060c4       0x34 ./Core/Src/rtc.o
                0x00000000080060c4                DS1302_Init
 .text.ds1302_byte_write
                0x00000000080060f8       0x46 ./Core/Src/rtc.o
                0x00000000080060f8                ds1302_byte_write
 .text.ds1302_byte_read
                0x000000000800613e       0x40 ./Core/Src/rtc.o
                0x000000000800613e                ds1302_byte_read
 .text.ds1302_single_write
                0x000000000800617e       0x3c ./Core/Src/rtc.o
                0x000000000800617e                ds1302_single_write
 .text.ds1302_single_read
                0x00000000080061ba       0x44 ./Core/Src/rtc.o
                0x00000000080061ba                ds1302_single_read
 .text.convert_time_struct
                0x00000000080061fe      0x13e ./Core/Src/rtc.o
                0x00000000080061fe                convert_time_struct
 .text.DS1302_SetTime_Struct
                0x000000000800633c       0xaa ./Core/Src/rtc.o
                0x000000000800633c                DS1302_SetTime_Struct
 .text.DS1302_ReadTime_Struct
                0x00000000080063e6      0x108 ./Core/Src/rtc.o
                0x00000000080063e6                DS1302_ReadTime_Struct
 *fill*         0x00000000080064ee        0x2 
 .text.HAL_MspInit
                0x00000000080064f0       0x50 ./Core/Src/stm32f4xx_hal_msp.o
                0x00000000080064f0                HAL_MspInit
 .text.HAL_I2C_MspInit
                0x0000000008006540       0x90 ./Core/Src/stm32f4xx_hal_msp.o
                0x0000000008006540                HAL_I2C_MspInit
 .text.HAL_TIM_Base_MspInit
                0x00000000080065d0       0x40 ./Core/Src/stm32f4xx_hal_msp.o
                0x00000000080065d0                HAL_TIM_Base_MspInit
 .text.NMI_Handler
                0x0000000008006610        0x6 ./Core/Src/stm32f4xx_it.o
                0x0000000008006610                NMI_Handler
 .text.HardFault_Handler
                0x0000000008006616        0x6 ./Core/Src/stm32f4xx_it.o
                0x0000000008006616                HardFault_Handler
 .text.MemManage_Handler
                0x000000000800661c        0x6 ./Core/Src/stm32f4xx_it.o
                0x000000000800661c                MemManage_Handler
 .text.BusFault_Handler
                0x0000000008006622        0x6 ./Core/Src/stm32f4xx_it.o
                0x0000000008006622                BusFault_Handler
 .text.UsageFault_Handler
                0x0000000008006628        0x6 ./Core/Src/stm32f4xx_it.o
                0x0000000008006628                UsageFault_Handler
 .text.SVC_Handler
                0x000000000800662e        0xe ./Core/Src/stm32f4xx_it.o
                0x000000000800662e                SVC_Handler
 .text.DebugMon_Handler
                0x000000000800663c        0xe ./Core/Src/stm32f4xx_it.o
                0x000000000800663c                DebugMon_Handler
 .text.PendSV_Handler
                0x000000000800664a        0xe ./Core/Src/stm32f4xx_it.o
                0x000000000800664a                PendSV_Handler
 .text.SysTick_Handler
                0x0000000008006658        0xc ./Core/Src/stm32f4xx_it.o
                0x0000000008006658                SysTick_Handler
 .text.SystemInit
                0x0000000008006664       0x24 ./Core/Src/system_stm32f4xx.o
                0x0000000008006664                SystemInit
 .text.Reset_Handler
                0x0000000008006688       0x50 ./Core/Startup/startup_stm32f407vgtx.o
                0x0000000008006688                Reset_Handler
 .text.Default_Handler
                0x00000000080066d8        0x2 ./Core/Startup/startup_stm32f407vgtx.o
                0x00000000080066d8                RTC_Alarm_IRQHandler
                0x00000000080066d8                HASH_RNG_IRQHandler
                0x00000000080066d8                EXTI2_IRQHandler
                0x00000000080066d8                TIM8_CC_IRQHandler
                0x00000000080066d8                TIM1_CC_IRQHandler
                0x00000000080066d8                DMA2_Stream5_IRQHandler
                0x00000000080066d8                DMA1_Stream5_IRQHandler
                0x00000000080066d8                PVD_IRQHandler
                0x00000000080066d8                SDIO_IRQHandler
                0x00000000080066d8                TAMP_STAMP_IRQHandler
                0x00000000080066d8                CAN2_RX1_IRQHandler
                0x00000000080066d8                EXTI3_IRQHandler
                0x00000000080066d8                TIM8_TRG_COM_TIM14_IRQHandler
                0x00000000080066d8                TIM1_UP_TIM10_IRQHandler
                0x00000000080066d8                TIM8_UP_TIM13_IRQHandler
                0x00000000080066d8                I2C3_ER_IRQHandler
                0x00000000080066d8                EXTI0_IRQHandler
                0x00000000080066d8                I2C2_EV_IRQHandler
                0x00000000080066d8                DMA1_Stream2_IRQHandler
                0x00000000080066d8                CAN1_RX0_IRQHandler
                0x00000000080066d8                FPU_IRQHandler
                0x00000000080066d8                OTG_HS_WKUP_IRQHandler
                0x00000000080066d8                CAN2_SCE_IRQHandler
                0x00000000080066d8                DMA2_Stream2_IRQHandler
                0x00000000080066d8                SPI1_IRQHandler
                0x00000000080066d8                TIM6_DAC_IRQHandler
                0x00000000080066d8                TIM1_BRK_TIM9_IRQHandler
                0x00000000080066d8                DCMI_IRQHandler
                0x00000000080066d8                CAN2_RX0_IRQHandler
                0x00000000080066d8                DMA2_Stream3_IRQHandler
                0x00000000080066d8                USART6_IRQHandler
                0x00000000080066d8                USART3_IRQHandler
                0x00000000080066d8                CAN1_RX1_IRQHandler
                0x00000000080066d8                UART5_IRQHandler
                0x00000000080066d8                DMA2_Stream0_IRQHandler
                0x00000000080066d8                TIM4_IRQHandler
                0x00000000080066d8                I2C1_EV_IRQHandler
                0x00000000080066d8                DMA1_Stream6_IRQHandler
                0x00000000080066d8                DMA1_Stream1_IRQHandler
                0x00000000080066d8                UART4_IRQHandler
                0x00000000080066d8                TIM3_IRQHandler
                0x00000000080066d8                RCC_IRQHandler
                0x00000000080066d8                TIM8_BRK_TIM12_IRQHandler
                0x00000000080066d8                Default_Handler
                0x00000000080066d8                EXTI15_10_IRQHandler
                0x00000000080066d8                ADC_IRQHandler
                0x00000000080066d8                DMA1_Stream7_IRQHandler
                0x00000000080066d8                TIM7_IRQHandler
                0x00000000080066d8                CAN2_TX_IRQHandler
                0x00000000080066d8                TIM5_IRQHandler
                0x00000000080066d8                DMA2_Stream7_IRQHandler
                0x00000000080066d8                I2C3_EV_IRQHandler
                0x00000000080066d8                EXTI9_5_IRQHandler
                0x00000000080066d8                RTC_WKUP_IRQHandler
                0x00000000080066d8                ETH_WKUP_IRQHandler
                0x00000000080066d8                SPI2_IRQHandler
                0x00000000080066d8                OTG_HS_EP1_IN_IRQHandler
                0x00000000080066d8                DMA1_Stream0_IRQHandler
                0x00000000080066d8                CAN1_TX_IRQHandler
                0x00000000080066d8                EXTI4_IRQHandler
                0x00000000080066d8                FSMC_IRQHandler
                0x00000000080066d8                ETH_IRQHandler
                0x00000000080066d8                OTG_HS_EP1_OUT_IRQHandler
                0x00000000080066d8                WWDG_IRQHandler
                0x00000000080066d8                TIM2_IRQHandler
                0x00000000080066d8                OTG_FS_WKUP_IRQHandler
                0x00000000080066d8                TIM1_TRG_COM_TIM11_IRQHandler
                0x00000000080066d8                OTG_HS_IRQHandler
                0x00000000080066d8                EXTI1_IRQHandler
                0x00000000080066d8                USART2_IRQHandler
                0x00000000080066d8                I2C2_ER_IRQHandler
                0x00000000080066d8                DMA2_Stream1_IRQHandler
                0x00000000080066d8                CAN1_SCE_IRQHandler
                0x00000000080066d8                FLASH_IRQHandler
                0x00000000080066d8                DMA2_Stream4_IRQHandler
                0x00000000080066d8                USART1_IRQHandler
                0x00000000080066d8                OTG_FS_IRQHandler
                0x00000000080066d8                SPI3_IRQHandler
                0x00000000080066d8                DMA1_Stream4_IRQHandler
                0x00000000080066d8                I2C1_ER_IRQHandler
                0x00000000080066d8                DMA2_Stream6_IRQHandler
                0x00000000080066d8                DMA1_Stream3_IRQHandler
 *fill*         0x00000000080066da        0x2 
 .text.HAL_Init
                0x00000000080066dc       0x44 ./Drivers/STM32F4xx_HAL_Driver/Src/stm32f4xx_hal.o
                0x00000000080066dc                HAL_Init
 .text.HAL_InitTick
                0x0000000008006720       0x60 ./Drivers/STM32F4xx_HAL_Driver/Src/stm32f4xx_hal.o
                0x0000000008006720                HAL_InitTick
 .text.HAL_IncTick
                0x0000000008006780       0x28 ./Drivers/STM32F4xx_HAL_Driver/Src/stm32f4xx_hal.o
                0x0000000008006780                HAL_IncTick
 .text.HAL_GetTick
                0x00000000080067a8       0x18 ./Drivers/STM32F4xx_HAL_Driver/Src/stm32f4xx_hal.o
                0x00000000080067a8                HAL_GetTick
 .text.HAL_Delay
                0x00000000080067c0       0x48 ./Drivers/STM32F4xx_HAL_Driver/Src/stm32f4xx_hal.o
                0x00000000080067c0                HAL_Delay
 .text.__NVIC_SetPriorityGrouping
                0x0000000008006808       0x48 ./Drivers/STM32F4xx_HAL_Driver/Src/stm32f4xx_hal_cortex.o
 .text.__NVIC_GetPriorityGrouping
                0x0000000008006850       0x1c ./Drivers/STM32F4xx_HAL_Driver/Src/stm32f4xx_hal_cortex.o
 .text.__NVIC_SetPriority
                0x000000000800686c       0x54 ./Drivers/STM32F4xx_HAL_Driver/Src/stm32f4xx_hal_cortex.o
 .text.NVIC_EncodePriority
                0x00000000080068c0       0x66 ./Drivers/STM32F4xx_HAL_Driver/Src/stm32f4xx_hal_cortex.o
 *fill*         0x0000000008006926        0x2 
 .text.SysTick_Config
                0x0000000008006928       0x44 ./Drivers/STM32F4xx_HAL_Driver/Src/stm32f4xx_hal_cortex.o
 .text.HAL_NVIC_SetPriorityGrouping
                0x000000000800696c       0x16 ./Drivers/STM32F4xx_HAL_Driver/Src/stm32f4xx_hal_cortex.o
                0x000000000800696c                HAL_NVIC_SetPriorityGrouping
 .text.HAL_NVIC_SetPriority
                0x0000000008006982       0x38 ./Drivers/STM32F4xx_HAL_Driver/Src/stm32f4xx_hal_cortex.o
                0x0000000008006982                HAL_NVIC_SetPriority
 .text.HAL_SYSTICK_Config
                0x00000000080069ba       0x18 ./Drivers/STM32F4xx_HAL_Driver/Src/stm32f4xx_hal_cortex.o
                0x00000000080069ba                HAL_SYSTICK_Config
 *fill*         0x00000000080069d2        0x2 
 .text.HAL_SYSTICK_CLKSourceConfig
                0x00000000080069d4       0x38 ./Drivers/STM32F4xx_HAL_Driver/Src/stm32f4xx_hal_cortex.o
                0x00000000080069d4                HAL_SYSTICK_CLKSourceConfig
 .text.HAL_FLASH_Program
                0x0000000008006a0c       0xa8 ./Drivers/STM32F4xx_HAL_Driver/Src/stm32f4xx_hal_flash.o
                0x0000000008006a0c                HAL_FLASH_Program
 .text.HAL_FLASH_Unlock
                0x0000000008006ab4       0x44 ./Drivers/STM32F4xx_HAL_Driver/Src/stm32f4xx_hal_flash.o
                0x0000000008006ab4                HAL_FLASH_Unlock
 .text.HAL_FLASH_Lock
                0x0000000008006af8       0x20 ./Drivers/STM32F4xx_HAL_Driver/Src/stm32f4xx_hal_flash.o
                0x0000000008006af8                HAL_FLASH_Lock
 .text.FLASH_WaitForLastOperation
                0x0000000008006b18       0x80 ./Drivers/STM32F4xx_HAL_Driver/Src/stm32f4xx_hal_flash.o
                0x0000000008006b18                FLASH_WaitForLastOperation
 .text.FLASH_Program_DoubleWord
                0x0000000008006b98       0x64 ./Drivers/STM32F4xx_HAL_Driver/Src/stm32f4xx_hal_flash.o
 .text.FLASH_Program_Word
                0x0000000008006bfc       0x44 ./Drivers/STM32F4xx_HAL_Driver/Src/stm32f4xx_hal_flash.o
 .text.FLASH_Program_HalfWord
                0x0000000008006c40       0x48 ./Drivers/STM32F4xx_HAL_Driver/Src/stm32f4xx_hal_flash.o
 .text.FLASH_Program_Byte
                0x0000000008006c88       0x44 ./Drivers/STM32F4xx_HAL_Driver/Src/stm32f4xx_hal_flash.o
 .text.FLASH_SetErrorCode
                0x0000000008006ccc       0xac ./Drivers/STM32F4xx_HAL_Driver/Src/stm32f4xx_hal_flash.o
 .text.FLASH_Erase_Sector
                0x0000000008006d78       0x90 ./Drivers/STM32F4xx_HAL_Driver/Src/stm32f4xx_hal_flash_ex.o
                0x0000000008006d78                FLASH_Erase_Sector
 .text.HAL_GPIO_Init
                0x0000000008006e08      0x338 ./Drivers/STM32F4xx_HAL_Driver/Src/stm32f4xx_hal_gpio.o
                0x0000000008006e08                HAL_GPIO_Init
 .text.HAL_GPIO_ReadPin
                0x0000000008007140       0x30 ./Drivers/STM32F4xx_HAL_Driver/Src/stm32f4xx_hal_gpio.o
                0x0000000008007140                HAL_GPIO_ReadPin
 .text.HAL_GPIO_WritePin
                0x0000000008007170       0x32 ./Drivers/STM32F4xx_HAL_Driver/Src/stm32f4xx_hal_gpio.o
                0x0000000008007170                HAL_GPIO_WritePin
 *fill*         0x00000000080071a2        0x2 
 .text.HAL_I2C_Init
                0x00000000080071a4      0x288 ./Drivers/STM32F4xx_HAL_Driver/Src/stm32f4xx_hal_i2c.o
                0x00000000080071a4                HAL_I2C_Init
 .text.HAL_I2C_Master_Transmit
                0x000000000800742c      0x1fc ./Drivers/STM32F4xx_HAL_Driver/Src/stm32f4xx_hal_i2c.o
                0x000000000800742c                HAL_I2C_Master_Transmit
 .text.HAL_I2C_IsDeviceReady
                0x0000000008007628      0x25c ./Drivers/STM32F4xx_HAL_Driver/Src/stm32f4xx_hal_i2c.o
                0x0000000008007628                HAL_I2C_IsDeviceReady
 .text.I2C_MasterRequestWrite
                0x0000000008007884      0x104 ./Drivers/STM32F4xx_HAL_Driver/Src/stm32f4xx_hal_i2c.o
 .text.I2C_WaitOnFlagUntilTimeout
                0x0000000008007988       0xae ./Drivers/STM32F4xx_HAL_Driver/Src/stm32f4xx_hal_i2c.o
 .text.I2C_WaitOnMasterAddressFlagUntilTimeout
                0x0000000008007a36       0xfe ./Drivers/STM32F4xx_HAL_Driver/Src/stm32f4xx_hal_i2c.o
 .text.I2C_WaitOnTXEFlagUntilTimeout
                0x0000000008007b34       0x82 ./Drivers/STM32F4xx_HAL_Driver/Src/stm32f4xx_hal_i2c.o
 .text.I2C_WaitOnBTFFlagUntilTimeout
                0x0000000008007bb6       0x82 ./Drivers/STM32F4xx_HAL_Driver/Src/stm32f4xx_hal_i2c.o
 .text.I2C_IsAcknowledgeFailed
                0x0000000008007c38       0x5e ./Drivers/STM32F4xx_HAL_Driver/Src/stm32f4xx_hal_i2c.o
 *fill*         0x0000000008007c96        0x2 
 .text.HAL_RCC_OscConfig
                0x0000000008007c98      0x4f0 ./Drivers/STM32F4xx_HAL_Driver/Src/stm32f4xx_hal_rcc.o
                0x0000000008007c98                HAL_RCC_OscConfig
 .text.HAL_RCC_ClockConfig
                0x0000000008008188      0x1cc ./Drivers/STM32F4xx_HAL_Driver/Src/stm32f4xx_hal_rcc.o
                0x0000000008008188                HAL_RCC_ClockConfig
 .text.HAL_RCC_GetSysClockFreq
                0x0000000008008354      0x1c4 ./Drivers/STM32F4xx_HAL_Driver/Src/stm32f4xx_hal_rcc.o
                0x0000000008008354                HAL_RCC_GetSysClockFreq
 .text.HAL_RCC_GetHCLKFreq
                0x0000000008008518       0x18 ./Drivers/STM32F4xx_HAL_Driver/Src/stm32f4xx_hal_rcc.o
                0x0000000008008518                HAL_RCC_GetHCLKFreq
 .text.HAL_RCC_GetPCLK1Freq
                0x0000000008008530       0x28 ./Drivers/STM32F4xx_HAL_Driver/Src/stm32f4xx_hal_rcc.o
                0x0000000008008530                HAL_RCC_GetPCLK1Freq
 .text.HAL_TIM_Base_Init
                0x0000000008008558       0x9e ./Drivers/STM32F4xx_HAL_Driver/Src/stm32f4xx_hal_tim.o
                0x0000000008008558                HAL_TIM_Base_Init
 *fill*         0x00000000080085f6        0x2 
 .text.HAL_TIM_Base_Start_IT
                0x00000000080085f8       0xe0 ./Drivers/STM32F4xx_HAL_Driver/Src/stm32f4xx_hal_tim.o
                0x00000000080085f8                HAL_TIM_Base_Start_IT
 .text.HAL_TIM_Base_Stop_IT
                0x00000000080086d8       0x5e ./Drivers/STM32F4xx_HAL_Driver/Src/stm32f4xx_hal_tim.o
                0x00000000080086d8                HAL_TIM_Base_Stop_IT
 .text.HAL_TIM_ConfigClockSource
                0x0000000008008736      0x18e ./Drivers/STM32F4xx_HAL_Driver/Src/stm32f4xx_hal_tim.o
                0x0000000008008736                HAL_TIM_ConfigClockSource
 .text.TIM_Base_SetConfig
                0x00000000080088c4      0x140 ./Drivers/STM32F4xx_HAL_Driver/Src/stm32f4xx_hal_tim.o
                0x00000000080088c4                TIM_Base_SetConfig
 .text.TIM_TI1_ConfigInputStage
                0x0000000008008a04       0x5e ./Drivers/STM32F4xx_HAL_Driver/Src/stm32f4xx_hal_tim.o
 .text.TIM_TI2_ConfigInputStage
                0x0000000008008a62       0x60 ./Drivers/STM32F4xx_HAL_Driver/Src/stm32f4xx_hal_tim.o
 .text.TIM_ITRx_SetConfig
                0x0000000008008ac2       0x36 ./Drivers/STM32F4xx_HAL_Driver/Src/stm32f4xx_hal_tim.o
 .text.TIM_ETR_SetConfig
                0x0000000008008af8       0x40 ./Drivers/STM32F4xx_HAL_Driver/Src/stm32f4xx_hal_tim.o
                0x0000000008008af8                TIM_ETR_SetConfig
 .text.HAL_TIMEx_MasterConfigSynchronization
                0x0000000008008b38       0xf8 ./Drivers/STM32F4xx_HAL_Driver/Src/stm32f4xx_hal_tim_ex.o
                0x0000000008008b38                HAL_TIMEx_MasterConfigSynchronization
 .text.__libc_init_array
                0x0000000008008c30       0x48 c:/st/stm32cubeide_1.8.0/stm32cubeide/plugins/com.st.stm32cube.ide.mcu.externaltools.gnu-tools-for-stm32.9-2020-q2-update.win32_2.0.0.202105311346/tools/bin/../lib/gcc/arm-none-eabi/9.3.1/../../../../arm-none-eabi/lib/thumb/v7e-m+fp/hard\libc_nano.a(lib_a-init.o)
                0x0000000008008c30                __libc_init_array
 .text.__itoa   0x0000000008008c78       0x30 c:/st/stm32cubeide_1.8.0/stm32cubeide/plugins/com.st.stm32cube.ide.mcu.externaltools.gnu-tools-for-stm32.9-2020-q2-update.win32_2.0.0.202105311346/tools/bin/../lib/gcc/arm-none-eabi/9.3.1/../../../../arm-none-eabi/lib/thumb/v7e-m+fp/hard\libc_nano.a(lib_a-itoa.o)
                0x0000000008008c78                __itoa
 .text.itoa     0x0000000008008ca8        0x4 c:/st/stm32cubeide_1.8.0/stm32cubeide/plugins/com.st.stm32cube.ide.mcu.externaltools.gnu-tools-for-stm32.9-2020-q2-update.win32_2.0.0.202105311346/tools/bin/../lib/gcc/arm-none-eabi/9.3.1/../../../../arm-none-eabi/lib/thumb/v7e-m+fp/hard\libc_nano.a(lib_a-itoa.o)
                0x0000000008008ca8                itoa
 .text.memset   0x0000000008008cac       0x10 c:/st/stm32cubeide_1.8.0/stm32cubeide/plugins/com.st.stm32cube.ide.mcu.externaltools.gnu-tools-for-stm32.9-2020-q2-update.win32_2.0.0.202105311346/tools/bin/../lib/gcc/arm-none-eabi/9.3.1/../../../../arm-none-eabi/lib/thumb/v7e-m+fp/hard\libc_nano.a(lib_a-memset.o)
                0x0000000008008cac                memset
 .text.__utoa   0x0000000008008cbc       0x84 c:/st/stm32cubeide_1.8.0/stm32cubeide/plugins/com.st.stm32cube.ide.mcu.externaltools.gnu-tools-for-stm32.9-2020-q2-update.win32_2.0.0.202105311346/tools/bin/../lib/gcc/arm-none-eabi/9.3.1/../../../../arm-none-eabi/lib/thumb/v7e-m+fp/hard\libc_nano.a(lib_a-utoa.o)
                0x0000000008008cbc                __utoa
 *(.glue_7)
 .glue_7        0x0000000008008d40        0x0 linker stubs
 *(.glue_7t)
 .glue_7t       0x0000000008008d40        0x0 linker stubs
 *(.eh_frame)
 .eh_frame      0x0000000008008d40        0x0 c:/st/stm32cubeide_1.8.0/stm32cubeide/plugins/com.st.stm32cube.ide.mcu.externaltools.gnu-tools-for-stm32.9-2020-q2-update.win32_2.0.0.202105311346/tools/bin/../lib/gcc/arm-none-eabi/9.3.1/thumb/v7e-m+fp/hard/crtbegin.o
 *(.init)
 .init          0x0000000008008d40        0x4 c:/st/stm32cubeide_1.8.0/stm32cubeide/plugins/com.st.stm32cube.ide.mcu.externaltools.gnu-tools-for-stm32.9-2020-q2-update.win32_2.0.0.202105311346/tools/bin/../lib/gcc/arm-none-eabi/9.3.1/thumb/v7e-m+fp/hard/crti.o
                0x0000000008008d40                _init
 .init          0x0000000008008d44        0x8 c:/st/stm32cubeide_1.8.0/stm32cubeide/plugins/com.st.stm32cube.ide.mcu.externaltools.gnu-tools-for-stm32.9-2020-q2-update.win32_2.0.0.202105311346/tools/bin/../lib/gcc/arm-none-eabi/9.3.1/thumb/v7e-m+fp/hard/crtn.o
 *(.fini)
 .fini          0x0000000008008d4c        0x4 c:/st/stm32cubeide_1.8.0/stm32cubeide/plugins/com.st.stm32cube.ide.mcu.externaltools.gnu-tools-for-stm32.9-2020-q2-update.win32_2.0.0.202105311346/tools/bin/../lib/gcc/arm-none-eabi/9.3.1/thumb/v7e-m+fp/hard/crti.o
                0x0000000008008d4c                _fini
 .fini          0x0000000008008d50        0x8 c:/st/stm32cubeide_1.8.0/stm32cubeide/plugins/com.st.stm32cube.ide.mcu.externaltools.gnu-tools-for-stm32.9-2020-q2-update.win32_2.0.0.202105311346/tools/bin/../lib/gcc/arm-none-eabi/9.3.1/thumb/v7e-m+fp/hard/crtn.o
                0x0000000008008d58                . = ALIGN (0x4)
                0x0000000008008d58                _etext = .

.vfp11_veneer   0x0000000008008d58        0x0
 .vfp11_veneer  0x0000000008008d58        0x0 linker stubs

.v4_bx          0x0000000008008d58        0x0
 .v4_bx         0x0000000008008d58        0x0 linker stubs

.iplt           0x0000000008008d58        0x0
 .iplt          0x0000000008008d58        0x0 c:/st/stm32cubeide_1.8.0/stm32cubeide/plugins/com.st.stm32cube.ide.mcu.externaltools.gnu-tools-for-stm32.9-2020-q2-update.win32_2.0.0.202105311346/tools/bin/../lib/gcc/arm-none-eabi/9.3.1/thumb/v7e-m+fp/hard/crtbegin.o

.rodata         0x0000000008008d58      0x3f0
                0x0000000008008d58                . = ALIGN (0x4)
 *(.rodata)
 .rodata        0x0000000008008d58      0x384 ./Core/Src/ayarlar.o
 .rodata        0x00000000080090dc       0x10 ./Core/Src/liquidcrystal_i2c.o
 .rodata        0x00000000080090ec       0x1c ./Core/Src/main.o
 *(.rodata*)
 .rodata.AHBPrescTable
                0x0000000008009108       0x10 ./Core/Src/system_stm32f4xx.o
                0x0000000008009108                AHBPrescTable
 .rodata.APBPrescTable
                0x0000000008009118        0x8 ./Core/Src/system_stm32f4xx.o
                0x0000000008009118                APBPrescTable
 .rodata.__utoa.str1.1
                0x0000000008009120       0x25 c:/st/stm32cubeide_1.8.0/stm32cubeide/plugins/com.st.stm32cube.ide.mcu.externaltools.gnu-tools-for-stm32.9-2020-q2-update.win32_2.0.0.202105311346/tools/bin/../lib/gcc/arm-none-eabi/9.3.1/../../../../arm-none-eabi/lib/thumb/v7e-m+fp/hard\libc_nano.a(lib_a-utoa.o)
                0x0000000008009148                . = ALIGN (0x4)
 *fill*         0x0000000008009145        0x3 

.ARM.extab      0x0000000008009148        0x0
                0x0000000008009148                . = ALIGN (0x4)
 *(.ARM.extab* .gnu.linkonce.armextab.*)
                0x0000000008009148                . = ALIGN (0x4)

.ARM            0x0000000008009148        0x8
                0x0000000008009148                . = ALIGN (0x4)
                0x0000000008009148                __exidx_start = .
 *(.ARM.exidx*)
 .ARM.exidx     0x0000000008009148        0x8 c:/st/stm32cubeide_1.8.0/stm32cubeide/plugins/com.st.stm32cube.ide.mcu.externaltools.gnu-tools-for-stm32.9-2020-q2-update.win32_2.0.0.202105311346/tools/bin/../lib/gcc/arm-none-eabi/9.3.1/thumb/v7e-m+fp/hard\libgcc.a(_udivmoddi4.o)
                0x0000000008009150                __exidx_end = .
                0x0000000008009150                . = ALIGN (0x4)

.rel.dyn        0x0000000008009150        0x0
 .rel.iplt      0x0000000008009150        0x0 c:/st/stm32cubeide_1.8.0/stm32cubeide/plugins/com.st.stm32cube.ide.mcu.externaltools.gnu-tools-for-stm32.9-2020-q2-update.win32_2.0.0.202105311346/tools/bin/../lib/gcc/arm-none-eabi/9.3.1/thumb/v7e-m+fp/hard/crtbegin.o

.preinit_array  0x0000000008009150        0x0
                0x0000000008009150                . = ALIGN (0x4)
                0x0000000008009150                PROVIDE (__preinit_array_start = .)
 *(.preinit_array*)
                0x0000000008009150                PROVIDE (__preinit_array_end = .)
                0x0000000008009150                . = ALIGN (0x4)

.init_array     0x0000000008009150        0x4
                0x0000000008009150                . = ALIGN (0x4)
                0x0000000008009150                PROVIDE (__init_array_start = .)
 *(SORT_BY_NAME(.init_array.*))
 *(.init_array*)
 .init_array    0x0000000008009150        0x4 c:/st/stm32cubeide_1.8.0/stm32cubeide/plugins/com.st.stm32cube.ide.mcu.externaltools.gnu-tools-for-stm32.9-2020-q2-update.win32_2.0.0.202105311346/tools/bin/../lib/gcc/arm-none-eabi/9.3.1/thumb/v7e-m+fp/hard/crtbegin.o
                0x0000000008009154                PROVIDE (__init_array_end = .)
                0x0000000008009154                . = ALIGN (0x4)

.fini_array     0x0000000008009154        0x4
                0x0000000008009154                . = ALIGN (0x4)
                [!provide]                        PROVIDE (__fini_array_start = .)
 *(SORT_BY_NAME(.fini_array.*))
 *(.fini_array*)
 .fini_array    0x0000000008009154        0x4 c:/st/stm32cubeide_1.8.0/stm32cubeide/plugins/com.st.stm32cube.ide.mcu.externaltools.gnu-tools-for-stm32.9-2020-q2-update.win32_2.0.0.202105311346/tools/bin/../lib/gcc/arm-none-eabi/9.3.1/thumb/v7e-m+fp/hard/crtbegin.o
                [!provide]                        PROVIDE (__fini_array_end = .)
                0x0000000008009158                . = ALIGN (0x4)
                0x0000000008009158                _sidata = LOADADDR (.data)

.data           0x0000000020000000       0x1c load address 0x0000000008009158
                0x0000000020000000                . = ALIGN (0x4)
                0x0000000020000000                _sdata = .
 *(.data)
 *(.data*)
 .data.special1
                0x0000000020000000        0x8 ./Core/Src/liquidcrystal_i2c.o
                0x0000000020000000                special1
 .data.special2
                0x0000000020000008        0x8 ./Core/Src/liquidcrystal_i2c.o
                0x0000000020000008                special2
 .data.SystemCoreClock
                0x0000000020000010        0x4 ./Core/Src/system_stm32f4xx.o
                0x0000000020000010                SystemCoreClock
 .data.uwTickPrio
                0x0000000020000014        0x4 ./Drivers/STM32F4xx_HAL_Driver/Src/stm32f4xx_hal.o
                0x0000000020000014                uwTickPrio
 .data.uwTickFreq
                0x0000000020000018        0x1 ./Drivers/STM32F4xx_HAL_Driver/Src/stm32f4xx_hal.o
                0x0000000020000018                uwTickFreq
 *(.RamFunc)
 *(.RamFunc*)
                0x000000002000001c                . = ALIGN (0x4)
 *fill*         0x0000000020000019        0x3 
                0x000000002000001c                _edata = .
                0x0000000008009174                _siccmram = LOADADDR (.ccmram)

.igot.plt       0x000000002000001c        0x0 load address 0x0000000008009174
 .igot.plt      0x000000002000001c        0x0 c:/st/stm32cubeide_1.8.0/stm32cubeide/plugins/com.st.stm32cube.ide.mcu.externaltools.gnu-tools-for-stm32.9-2020-q2-update.win32_2.0.0.202105311346/tools/bin/../lib/gcc/arm-none-eabi/9.3.1/thumb/v7e-m+fp/hard/crtbegin.o

.ccmram         0x0000000010000000        0x0 load address 0x0000000008009174
                0x0000000010000000                . = ALIGN (0x4)
                0x0000000010000000                _sccmram = .
 *(.ccmram)
 *(.ccmram*)
                0x0000000010000000                . = ALIGN (0x4)
                0x0000000010000000                _eccmram = .
                0x0000000010000000                . = ALIGN (0x4)

.bss            0x000000002000001c      0x66c
                0x000000002000001c                _sbss = .
                0x000000002000001c                __bss_start__ = _sbss
 *(.bss)
 .bss           0x000000002000001c       0x1c c:/st/stm32cubeide_1.8.0/stm32cubeide/plugins/com.st.stm32cube.ide.mcu.externaltools.gnu-tools-for-stm32.9-2020-q2-update.win32_2.0.0.202105311346/tools/bin/../lib/gcc/arm-none-eabi/9.3.1/thumb/v7e-m+fp/hard/crtbegin.o
 *(.bss*)
 .bss.degisken  0x0000000020000038        0x1 ./Core/Src/ayarlar.o
                0x0000000020000038                degisken
 .bss.degisken2
                0x0000000020000039        0x1 ./Core/Src/ayarlar.o
                0x0000000020000039                degisken2
 .bss.degisken3
                0x000000002000003a        0x1 ./Core/Src/ayarlar.o
                0x000000002000003a                degisken3
 .bss.degisken4
                0x000000002000003b        0x1 ./Core/Src/ayarlar.o
                0x000000002000003b                degisken4
 .bss.degisken5
                0x000000002000003c        0x1 ./Core/Src/ayarlar.o
                0x000000002000003c                degisken5
 .bss.degisken6
                0x000000002000003d        0x1 ./Core/Src/ayarlar.o
                0x000000002000003d                degisken6
 .bss.degisken7
                0x000000002000003e        0x1 ./Core/Src/ayarlar.o
                0x000000002000003e                degisken7
 .bss.degisken9
                0x000000002000003f        0x1 ./Core/Src/ayarlar.o
                0x000000002000003f                degisken9
 .bss.degisken10
                0x0000000020000040        0x1 ./Core/Src/ayarlar.o
                0x0000000020000040                degisken10
 .bss.degisken11
                0x0000000020000041        0x1 ./Core/Src/ayarlar.o
                0x0000000020000041                degisken11
 .bss.degisken12
                0x0000000020000042        0x1 ./Core/Src/ayarlar.o
                0x0000000020000042                degisken12
 .bss.degisken13
                0x0000000020000043        0x1 ./Core/Src/ayarlar.o
                0x0000000020000043                degisken13
 .bss.degisken14
                0x0000000020000044        0x1 ./Core/Src/ayarlar.o
                0x0000000020000044                degisken14
 .bss.degisken15
                0x0000000020000045        0x1 ./Core/Src/ayarlar.o
                0x0000000020000045                degisken15
 .bss.degisken16
                0x0000000020000046        0x1 ./Core/Src/ayarlar.o
                0x0000000020000046                degisken16
 *fill*         0x0000000020000047        0x1 
 .bss.p1_ml     0x0000000020000048        0x4 ./Core/Src/ayarlar.o
                0x0000000020000048                p1_ml
 .bss.p1_tkrr   0x000000002000004c        0x4 ./Core/Src/ayarlar.o
                0x000000002000004c                p1_tkrr
 .bss.p2_ml     0x0000000020000050        0x2 ./Core/Src/ayarlar.o
                0x0000000020000050                p2_ml
 .bss.p2_tkrr   0x0000000020000052        0x2 ./Core/Src/ayarlar.o
                0x0000000020000052                p2_tkrr
 .bss.p3_ml     0x0000000020000054        0x2 ./Core/Src/ayarlar.o
                0x0000000020000054                p3_ml
 .bss.p3_tkrr   0x0000000020000056        0x2 ./Core/Src/ayarlar.o
                0x0000000020000056                p3_tkrr
 .bss.p4_ml     0x0000000020000058        0x2 ./Core/Src/ayarlar.o
                0x0000000020000058                p4_ml
 .bss.p4_tkrr   0x000000002000005a        0x2 ./Core/Src/ayarlar.o
                0x000000002000005a                p4_tkrr
 .bss.pazartesi_pompa1
                0x000000002000005c        0x4 ./Core/Src/ayarlar.o
                0x000000002000005c                pazartesi_pompa1
 .bss.pazartesi_pompa2
                0x0000000020000060        0x4 ./Core/Src/ayarlar.o
                0x0000000020000060                pazartesi_pompa2
 .bss.pazartesi_pompa3
                0x0000000020000064        0x4 ./Core/Src/ayarlar.o
                0x0000000020000064                pazartesi_pompa3
 .bss.pazartesi_pompa4
                0x0000000020000068        0x4 ./Core/Src/ayarlar.o
                0x0000000020000068                pazartesi_pompa4
 .bss.sali_pompa1
                0x000000002000006c        0x4 ./Core/Src/ayarlar.o
                0x000000002000006c                sali_pompa1
 .bss.sali_pompa2
                0x0000000020000070        0x4 ./Core/Src/ayarlar.o
                0x0000000020000070                sali_pompa2
 .bss.sali_pompa3
                0x0000000020000074        0x4 ./Core/Src/ayarlar.o
                0x0000000020000074                sali_pompa3
 .bss.sali_pompa4
                0x0000000020000078        0x4 ./Core/Src/ayarlar.o
                0x0000000020000078                sali_pompa4
 .bss.carsamba_pompa1
                0x000000002000007c        0x4 ./Core/Src/ayarlar.o
                0x000000002000007c                carsamba_pompa1
 .bss.carsamba_pompa2
                0x0000000020000080        0x4 ./Core/Src/ayarlar.o
                0x0000000020000080                carsamba_pompa2
 .bss.carsamba_pompa3
                0x0000000020000084        0x4 ./Core/Src/ayarlar.o
                0x0000000020000084                carsamba_pompa3
 .bss.carsamba_pompa4
                0x0000000020000088        0x4 ./Core/Src/ayarlar.o
                0x0000000020000088                carsamba_pompa4
 .bss.persembe_pompa1
                0x000000002000008c        0x4 ./Core/Src/ayarlar.o
                0x000000002000008c                persembe_pompa1
 .bss.persembe_pompa2
                0x0000000020000090        0x4 ./Core/Src/ayarlar.o
                0x0000000020000090                persembe_pompa2
 .bss.persembe_pompa3
                0x0000000020000094        0x4 ./Core/Src/ayarlar.o
                0x0000000020000094                persembe_pompa3
 .bss.persembe_pompa4
                0x0000000020000098        0x4 ./Core/Src/ayarlar.o
                0x0000000020000098                persembe_pompa4
 .bss.cuma_pompa1
                0x000000002000009c        0x4 ./Core/Src/ayarlar.o
                0x000000002000009c                cuma_pompa1
 .bss.cuma_pompa2
                0x00000000200000a0        0x4 ./Core/Src/ayarlar.o
                0x00000000200000a0                cuma_pompa2
 .bss.cuma_pompa3
                0x00000000200000a4        0x4 ./Core/Src/ayarlar.o
                0x00000000200000a4                cuma_pompa3
 .bss.cuma_pompa4
                0x00000000200000a8        0x4 ./Core/Src/ayarlar.o
                0x00000000200000a8                cuma_pompa4
 .bss.cumartesi_pompa1
                0x00000000200000ac        0x4 ./Core/Src/ayarlar.o
                0x00000000200000ac                cumartesi_pompa1
 .bss.cumartesi_pompa2
                0x00000000200000b0        0x4 ./Core/Src/ayarlar.o
                0x00000000200000b0                cumartesi_pompa2
 .bss.cumartesi_pompa3
                0x00000000200000b4        0x4 ./Core/Src/ayarlar.o
                0x00000000200000b4                cumartesi_pompa3
 .bss.cumartesi_pompa4
                0x00000000200000b8        0x4 ./Core/Src/ayarlar.o
                0x00000000200000b8                cumartesi_pompa4
 .bss.pazar_pompa1
                0x00000000200000bc        0x4 ./Core/Src/ayarlar.o
                0x00000000200000bc                pazar_pompa1
 .bss.pazar_pompa2
                0x00000000200000c0        0x4 ./Core/Src/ayarlar.o
                0x00000000200000c0                pazar_pompa2
 .bss.pazar_pompa3
                0x00000000200000c4        0x4 ./Core/Src/ayarlar.o
                0x00000000200000c4                pazar_pompa3
 .bss.pazar_pompa4
                0x00000000200000c8        0x4 ./Core/Src/ayarlar.o
                0x00000000200000c8                pazar_pompa4
 .bss.firsttime
                0x00000000200000cc        0x4 ./Core/Src/ayarlar.o
                0x00000000200000cc                firsttime
 .bss.delay     0x00000000200000d0        0x4 ./Core/Src/main.o
                0x00000000200000d0                delay
 *(COMMON)
 COMMON         0x00000000200000d4       0x54 ./Core/Src/STM32F407_I2C_LCD16x02_Driver.o
                0x00000000200000d4                myI2Chandle
 COMMON         0x0000000020000128      0x3d0 ./Core/Src/ayarlar.o
                0x0000000020000128                flash_datas5
                0x0000000020000140                data2
                0x0000000020000144                veri5
                0x00000000200001b8                veri4
                0x00000000200001e8                data4
                0x00000000200001ec                read2
                0x000000002000021c                veri_sifirlama
                0x00000000200002a8                veri3
                0x00000000200002d8                dakika
                0x00000000200002dc                veri2
                0x000000002000030c                p1_saat
                0x0000000020000310                saat
                0x0000000020000314                read3
                0x0000000020000344                read5
                0x00000000200003e4                read
                0x0000000020000414                flash_datas2
                0x000000002000042c                read4
                0x000000002000045c                data
                0x0000000020000460                gun
                0x0000000020000464                data3
                0x0000000020000468                flash_datas4
                0x0000000020000480                data5
                0x0000000020000484                setTimer
                0x0000000020000498                flash_datas3
                0x00000000200004b0                veri
                0x00000000200004e0                flash_datas
 COMMON         0x00000000200004f8        0x5 ./Core/Src/liquidcrystal_i2c.o
                0x00000000200004f8                dpFunction
                0x00000000200004f9                dpMode
                0x00000000200004fa                dpRows
                0x00000000200004fb                dpControl
                0x00000000200004fc                dpBacklight
 *fill*         0x00000000200004fd        0x3 
 COMMON         0x0000000020000500      0x164 ./Core/Src/main.o
                0x0000000020000500                x
                0x0000000020000504                timemin1
                0x0000000020000508                hi2c1
                0x000000002000055c                timesec1
                0x000000002000055d                timesec2
                0x0000000020000560                snum1
                0x0000000020000592                timehour1
                0x0000000020000594                time1
                0x00000000200005a8                timehour2
                0x00000000200005ac                counter
                0x00000000200005b0                min
                0x00000000200005b2                sec
                0x00000000200005b4                day
                0x00000000200005b8                time3
                0x00000000200005cc                htim2
                0x0000000020000614                timemin2
                0x0000000020000616                date
                0x0000000020000618                tmr_start
                0x000000002000061c                time2
                0x0000000020000630                snum2
                0x0000000020000662                hours
 COMMON         0x0000000020000664        0x4 ./Drivers/STM32F4xx_HAL_Driver/Src/stm32f4xx_hal.o
                0x0000000020000664                uwTick
 COMMON         0x0000000020000668       0x20 ./Drivers/STM32F4xx_HAL_Driver/Src/stm32f4xx_hal_flash.o
                0x0000000020000668                pFlash
                0x0000000020000688                . = ALIGN (0x4)
                0x0000000020000688                _ebss = .
                0x0000000020000688                __bss_end__ = _ebss

._user_heap_stack
                0x0000000020000688      0x600
                0x0000000020000688                . = ALIGN (0x8)
                [!provide]                        PROVIDE (end = .)
                0x0000000020000688                PROVIDE (_end = .)
                0x0000000020000888                . = (. + _Min_Heap_Size)
 *fill*         0x0000000020000688      0x200 
                0x0000000020000c88                . = (. + _Min_Stack_Size)
 *fill*         0x0000000020000888      0x400 
                0x0000000020000c88                . = ALIGN (0x8)

/DISCARD/
 libc.a(*)
 libm.a(*)
 libgcc.a(*)

.ARM.attributes
                0x0000000000000000       0x30
 *(.ARM.attributes)
 .ARM.attributes
                0x0000000000000000       0x1e c:/st/stm32cubeide_1.8.0/stm32cubeide/plugins/com.st.stm32cube.ide.mcu.externaltools.gnu-tools-for-stm32.9-2020-q2-update.win32_2.0.0.202105311346/tools/bin/../lib/gcc/arm-none-eabi/9.3.1/thumb/v7e-m+fp/hard/crti.o
 .ARM.attributes
                0x000000000000001e       0x34 c:/st/stm32cubeide_1.8.0/stm32cubeide/plugins/com.st.stm32cube.ide.mcu.externaltools.gnu-tools-for-stm32.9-2020-q2-update.win32_2.0.0.202105311346/tools/bin/../lib/gcc/arm-none-eabi/9.3.1/thumb/v7e-m+fp/hard/crtbegin.o
 .ARM.attributes
                0x0000000000000052       0x34 ./Core/Src/STM32F407_I2C_LCD16x02_Driver.o
 .ARM.attributes
                0x0000000000000086       0x34 ./Core/Src/ayarlar.o
 .ARM.attributes
                0x00000000000000ba       0x34 ./Core/Src/liquidcrystal_i2c.o
 .ARM.attributes
                0x00000000000000ee       0x34 ./Core/Src/main.o
 .ARM.attributes
                0x0000000000000122       0x34 ./Core/Src/rtc.o
 .ARM.attributes
                0x0000000000000156       0x34 ./Core/Src/stm32f4xx_hal_msp.o
 .ARM.attributes
                0x000000000000018a       0x34 ./Core/Src/stm32f4xx_it.o
 .ARM.attributes
                0x00000000000001be       0x34 ./Core/Src/system_stm32f4xx.o
 .ARM.attributes
                0x00000000000001f2       0x21 ./Core/Startup/startup_stm32f407vgtx.o
 .ARM.attributes
                0x0000000000000213       0x34 ./Drivers/STM32F4xx_HAL_Driver/Src/stm32f4xx_hal.o
 .ARM.attributes
                0x0000000000000247       0x34 ./Drivers/STM32F4xx_HAL_Driver/Src/stm32f4xx_hal_cortex.o
 .ARM.attributes
                0x000000000000027b       0x34 ./Drivers/STM32F4xx_HAL_Driver/Src/stm32f4xx_hal_flash.o
 .ARM.attributes
                0x00000000000002af       0x34 ./Drivers/STM32F4xx_HAL_Driver/Src/stm32f4xx_hal_flash_ex.o
 .ARM.attributes
                0x00000000000002e3       0x34 ./Drivers/STM32F4xx_HAL_Driver/Src/stm32f4xx_hal_gpio.o
 .ARM.attributes
                0x0000000000000317       0x34 ./Drivers/STM32F4xx_HAL_Driver/Src/stm32f4xx_hal_i2c.o
 .ARM.attributes
                0x000000000000034b       0x34 ./Drivers/STM32F4xx_HAL_Driver/Src/stm32f4xx_hal_rcc.o
 .ARM.attributes
                0x000000000000037f       0x34 ./Drivers/STM32F4xx_HAL_Driver/Src/stm32f4xx_hal_tim.o
 .ARM.attributes
                0x00000000000003b3       0x34 ./Drivers/STM32F4xx_HAL_Driver/Src/stm32f4xx_hal_tim_ex.o
 .ARM.attributes
                0x00000000000003e7       0x34 c:/st/stm32cubeide_1.8.0/stm32cubeide/plugins/com.st.stm32cube.ide.mcu.externaltools.gnu-tools-for-stm32.9-2020-q2-update.win32_2.0.0.202105311346/tools/bin/../lib/gcc/arm-none-eabi/9.3.1/../../../../arm-none-eabi/lib/thumb/v7e-m+fp/hard\libc_nano.a(lib_a-init.o)
 .ARM.attributes
                0x000000000000041b       0x34 c:/st/stm32cubeide_1.8.0/stm32cubeide/plugins/com.st.stm32cube.ide.mcu.externaltools.gnu-tools-for-stm32.9-2020-q2-update.win32_2.0.0.202105311346/tools/bin/../lib/gcc/arm-none-eabi/9.3.1/../../../../arm-none-eabi/lib/thumb/v7e-m+fp/hard\libc_nano.a(lib_a-itoa.o)
 .ARM.attributes
                0x000000000000044f       0x34 c:/st/stm32cubeide_1.8.0/stm32cubeide/plugins/com.st.stm32cube.ide.mcu.externaltools.gnu-tools-for-stm32.9-2020-q2-update.win32_2.0.0.202105311346/tools/bin/../lib/gcc/arm-none-eabi/9.3.1/../../../../arm-none-eabi/lib/thumb/v7e-m+fp/hard\libc_nano.a(lib_a-memset.o)
 .ARM.attributes
                0x0000000000000483       0x34 c:/st/stm32cubeide_1.8.0/stm32cubeide/plugins/com.st.stm32cube.ide.mcu.externaltools.gnu-tools-for-stm32.9-2020-q2-update.win32_2.0.0.202105311346/tools/bin/../lib/gcc/arm-none-eabi/9.3.1/../../../../arm-none-eabi/lib/thumb/v7e-m+fp/hard\libc_nano.a(lib_a-utoa.o)
 .ARM.attributes
                0x00000000000004b7       0x1e c:/st/stm32cubeide_1.8.0/stm32cubeide/plugins/com.st.stm32cube.ide.mcu.externaltools.gnu-tools-for-stm32.9-2020-q2-update.win32_2.0.0.202105311346/tools/bin/../lib/gcc/arm-none-eabi/9.3.1/thumb/v7e-m+fp/hard\libgcc.a(_aeabi_uldivmod.o)
 .ARM.attributes
                0x00000000000004d5       0x34 c:/st/stm32cubeide_1.8.0/stm32cubeide/plugins/com.st.stm32cube.ide.mcu.externaltools.gnu-tools-for-stm32.9-2020-q2-update.win32_2.0.0.202105311346/tools/bin/../lib/gcc/arm-none-eabi/9.3.1/thumb/v7e-m+fp/hard\libgcc.a(_udivmoddi4.o)
 .ARM.attributes
                0x0000000000000509       0x1e c:/st/stm32cubeide_1.8.0/stm32cubeide/plugins/com.st.stm32cube.ide.mcu.externaltools.gnu-tools-for-stm32.9-2020-q2-update.win32_2.0.0.202105311346/tools/bin/../lib/gcc/arm-none-eabi/9.3.1/thumb/v7e-m+fp/hard\libgcc.a(_dvmd_tls.o)
 .ARM.attributes
                0x0000000000000527       0x1e c:/st/stm32cubeide_1.8.0/stm32cubeide/plugins/com.st.stm32cube.ide.mcu.externaltools.gnu-tools-for-stm32.9-2020-q2-update.win32_2.0.0.202105311346/tools/bin/../lib/gcc/arm-none-eabi/9.3.1/thumb/v7e-m+fp/hard/crtn.o
OUTPUT(pompa_4baslikli_v1.0.elf elf32-littlearm)
LOAD linker stubs
LOAD c:/st/stm32cubeide_1.8.0/stm32cubeide/plugins/com.st.stm32cube.ide.mcu.externaltools.gnu-tools-for-stm32.9-2020-q2-update.win32_2.0.0.202105311346/tools/bin/../lib/gcc/arm-none-eabi/9.3.1/../../../../arm-none-eabi/lib/thumb/v7e-m+fp/hard\libc.a
LOAD c:/st/stm32cubeide_1.8.0/stm32cubeide/plugins/com.st.stm32cube.ide.mcu.externaltools.gnu-tools-for-stm32.9-2020-q2-update.win32_2.0.0.202105311346/tools/bin/../lib/gcc/arm-none-eabi/9.3.1/../../../../arm-none-eabi/lib/thumb/v7e-m+fp/hard\libm.a
LOAD c:/st/stm32cubeide_1.8.0/stm32cubeide/plugins/com.st.stm32cube.ide.mcu.externaltools.gnu-tools-for-stm32.9-2020-q2-update.win32_2.0.0.202105311346/tools/bin/../lib/gcc/arm-none-eabi/9.3.1/thumb/v7e-m+fp/hard\libgcc.a

.debug_info     0x0000000000000000    0x10eac
 .debug_info    0x0000000000000000      0xeb6 ./Core/Src/STM32F407_I2C_LCD16x02_Driver.o
 .debug_info    0x0000000000000eb6     0x18c2 ./Core/Src/ayarlar.o
 .debug_info    0x0000000000002778      0xd46 ./Core/Src/liquidcrystal_i2c.o
 .debug_info    0x00000000000034be     0x1bd5 ./Core/Src/main.o
 .debug_info    0x0000000000005093      0x79e ./Core/Src/rtc.o
 .debug_info    0x0000000000005831      0xe22 ./Core/Src/stm32f4xx_hal_msp.o
 .debug_info    0x0000000000006653      0x222 ./Core/Src/stm32f4xx_it.o
 .debug_info    0x0000000000006875      0x5a4 ./Core/Src/system_stm32f4xx.o
 .debug_info    0x0000000000006e19       0x22 ./Core/Startup/startup_stm32f407vgtx.o
 .debug_info    0x0000000000006e3b      0x9b2 ./Drivers/STM32F4xx_HAL_Driver/Src/stm32f4xx_hal.o
 .debug_info    0x00000000000077ed      0xed7 ./Drivers/STM32F4xx_HAL_Driver/Src/stm32f4xx_hal_cortex.o
 .debug_info    0x00000000000086c4      0x679 ./Drivers/STM32F4xx_HAL_Driver/Src/stm32f4xx_hal_flash.o
 .debug_info    0x0000000000008d3d      0x78a ./Drivers/STM32F4xx_HAL_Driver/Src/stm32f4xx_hal_flash_ex.o
 .debug_info    0x00000000000094c7      0x83e ./Drivers/STM32F4xx_HAL_Driver/Src/stm32f4xx_hal_gpio.o
 .debug_info    0x0000000000009d05     0x264d ./Drivers/STM32F4xx_HAL_Driver/Src/stm32f4xx_hal_i2c.o
 .debug_info    0x000000000000c352      0x996 ./Drivers/STM32F4xx_HAL_Driver/Src/stm32f4xx_hal_rcc.o
 .debug_info    0x000000000000cce8     0x2c22 ./Drivers/STM32F4xx_HAL_Driver/Src/stm32f4xx_hal_tim.o
 .debug_info    0x000000000000f90a     0x15a2 ./Drivers/STM32F4xx_HAL_Driver/Src/stm32f4xx_hal_tim_ex.o

.debug_abbrev   0x0000000000000000     0x26bc
 .debug_abbrev  0x0000000000000000      0x21c ./Core/Src/STM32F407_I2C_LCD16x02_Driver.o
 .debug_abbrev  0x000000000000021c      0x2c8 ./Core/Src/ayarlar.o
 .debug_abbrev  0x00000000000004e4      0x2a1 ./Core/Src/liquidcrystal_i2c.o
 .debug_abbrev  0x0000000000000785      0x2f9 ./Core/Src/main.o
 .debug_abbrev  0x0000000000000a7e      0x29b ./Core/Src/rtc.o
 .debug_abbrev  0x0000000000000d19      0x1db ./Core/Src/stm32f4xx_hal_msp.o
 .debug_abbrev  0x0000000000000ef4       0xd2 ./Core/Src/stm32f4xx_it.o
 .debug_abbrev  0x0000000000000fc6      0x145 ./Core/Src/system_stm32f4xx.o
 .debug_abbrev  0x000000000000110b       0x12 ./Core/Startup/startup_stm32f407vgtx.o
 .debug_abbrev  0x000000000000111d      0x1ed ./Drivers/STM32F4xx_HAL_Driver/Src/stm32f4xx_hal.o
 .debug_abbrev  0x000000000000130a      0x33c ./Drivers/STM32F4xx_HAL_Driver/Src/stm32f4xx_hal_cortex.o
 .debug_abbrev  0x0000000000001646      0x27c ./Drivers/STM32F4xx_HAL_Driver/Src/stm32f4xx_hal_flash.o
 .debug_abbrev  0x00000000000018c2      0x24e ./Drivers/STM32F4xx_HAL_Driver/Src/stm32f4xx_hal_flash_ex.o
 .debug_abbrev  0x0000000000001b10      0x1f1 ./Drivers/STM32F4xx_HAL_Driver/Src/stm32f4xx_hal_gpio.o
 .debug_abbrev  0x0000000000001d01      0x282 ./Drivers/STM32F4xx_HAL_Driver/Src/stm32f4xx_hal_i2c.o
 .debug_abbrev  0x0000000000001f83      0x275 ./Drivers/STM32F4xx_HAL_Driver/Src/stm32f4xx_hal_rcc.o
 .debug_abbrev  0x00000000000021f8      0x25e ./Drivers/STM32F4xx_HAL_Driver/Src/stm32f4xx_hal_tim.o
 .debug_abbrev  0x0000000000002456      0x266 ./Drivers/STM32F4xx_HAL_Driver/Src/stm32f4xx_hal_tim_ex.o

.debug_aranges  0x0000000000000000     0x1080
 .debug_aranges
                0x0000000000000000       0x70 ./Core/Src/STM32F407_I2C_LCD16x02_Driver.o
 .debug_aranges
                0x0000000000000070       0xe8 ./Core/Src/ayarlar.o
 .debug_aranges
                0x0000000000000158      0x110 ./Core/Src/liquidcrystal_i2c.o
 .debug_aranges
                0x0000000000000268       0x58 ./Core/Src/main.o
 .debug_aranges
                0x00000000000002c0       0xd8 ./Core/Src/rtc.o
 .debug_aranges
                0x0000000000000398       0x40 ./Core/Src/stm32f4xx_hal_msp.o
 .debug_aranges
                0x00000000000003d8       0x60 ./Core/Src/stm32f4xx_it.o
 .debug_aranges
                0x0000000000000438       0x28 ./Core/Src/system_stm32f4xx.o
 .debug_aranges
                0x0000000000000460       0x28 ./Core/Startup/startup_stm32f407vgtx.o
 .debug_aranges
                0x0000000000000488       0xf0 ./Drivers/STM32F4xx_HAL_Driver/Src/stm32f4xx_hal.o
 .debug_aranges
                0x0000000000000578      0x118 ./Drivers/STM32F4xx_HAL_Driver/Src/stm32f4xx_hal_cortex.o
 .debug_aranges
                0x0000000000000690       0xa0 ./Drivers/STM32F4xx_HAL_Driver/Src/stm32f4xx_hal_flash.o
 .debug_aranges
                0x0000000000000730       0x98 ./Drivers/STM32F4xx_HAL_Driver/Src/stm32f4xx_hal_flash_ex.o
 .debug_aranges
                0x00000000000007c8       0x58 ./Drivers/STM32F4xx_HAL_Driver/Src/stm32f4xx_hal_gpio.o
 .debug_aranges
                0x0000000000000820      0x2a0 ./Drivers/STM32F4xx_HAL_Driver/Src/stm32f4xx_hal_i2c.o
 .debug_aranges
                0x0000000000000ac0       0x88 ./Drivers/STM32F4xx_HAL_Driver/Src/stm32f4xx_hal_rcc.o
 .debug_aranges
                0x0000000000000b48      0x3d0 ./Drivers/STM32F4xx_HAL_Driver/Src/stm32f4xx_hal_tim.o
 .debug_aranges
                0x0000000000000f18      0x168 ./Drivers/STM32F4xx_HAL_Driver/Src/stm32f4xx_hal_tim_ex.o

.debug_ranges   0x0000000000000000      0xf90
 .debug_ranges  0x0000000000000000       0x60 ./Core/Src/STM32F407_I2C_LCD16x02_Driver.o
 .debug_ranges  0x0000000000000060       0xd8 ./Core/Src/ayarlar.o
 .debug_ranges  0x0000000000000138      0x100 ./Core/Src/liquidcrystal_i2c.o
 .debug_ranges  0x0000000000000238       0x48 ./Core/Src/main.o
 .debug_ranges  0x0000000000000280       0xc8 ./Core/Src/rtc.o
 .debug_ranges  0x0000000000000348       0x30 ./Core/Src/stm32f4xx_hal_msp.o
 .debug_ranges  0x0000000000000378       0x50 ./Core/Src/stm32f4xx_it.o
 .debug_ranges  0x00000000000003c8       0x18 ./Core/Src/system_stm32f4xx.o
 .debug_ranges  0x00000000000003e0       0x20 ./Core/Startup/startup_stm32f407vgtx.o
 .debug_ranges  0x0000000000000400       0xe0 ./Drivers/STM32F4xx_HAL_Driver/Src/stm32f4xx_hal.o
 .debug_ranges  0x00000000000004e0      0x108 ./Drivers/STM32F4xx_HAL_Driver/Src/stm32f4xx_hal_cortex.o
 .debug_ranges  0x00000000000005e8       0x90 ./Drivers/STM32F4xx_HAL_Driver/Src/stm32f4xx_hal_flash.o
 .debug_ranges  0x0000000000000678       0x88 ./Drivers/STM32F4xx_HAL_Driver/Src/stm32f4xx_hal_flash_ex.o
 .debug_ranges  0x0000000000000700       0x48 ./Drivers/STM32F4xx_HAL_Driver/Src/stm32f4xx_hal_gpio.o
 .debug_ranges  0x0000000000000748      0x2b8 ./Drivers/STM32F4xx_HAL_Driver/Src/stm32f4xx_hal_i2c.o
 .debug_ranges  0x0000000000000a00       0x78 ./Drivers/STM32F4xx_HAL_Driver/Src/stm32f4xx_hal_rcc.o
 .debug_ranges  0x0000000000000a78      0x3c0 ./Drivers/STM32F4xx_HAL_Driver/Src/stm32f4xx_hal_tim.o
 .debug_ranges  0x0000000000000e38      0x158 ./Drivers/STM32F4xx_HAL_Driver/Src/stm32f4xx_hal_tim_ex.o

.debug_macro    0x0000000000000000    0x2188c
 .debug_macro   0x0000000000000000      0x1e7 ./Core/Src/STM32F407_I2C_LCD16x02_Driver.o
 .debug_macro   0x00000000000001e7      0xaa8 ./Core/Src/STM32F407_I2C_LCD16x02_Driver.o
 .debug_macro   0x0000000000000c8f      0x29b ./Core/Src/STM32F407_I2C_LCD16x02_Driver.o
 .debug_macro   0x0000000000000f2a       0x2e ./Core/Src/STM32F407_I2C_LCD16x02_Driver.o
 .debug_macro   0x0000000000000f58       0x2f ./Core/Src/STM32F407_I2C_LCD16x02_Driver.o
 .debug_macro   0x0000000000000f87       0x22 ./Core/Src/STM32F407_I2C_LCD16x02_Driver.o
 .debug_macro   0x0000000000000fa9       0x8e ./Core/Src/STM32F407_I2C_LCD16x02_Driver.o
 .debug_macro   0x0000000000001037       0x51 ./Core/Src/STM32F407_I2C_LCD16x02_Driver.o
 .debug_macro   0x0000000000001088      0x103 ./Core/Src/STM32F407_I2C_LCD16x02_Driver.o
 .debug_macro   0x000000000000118b       0x6a ./Core/Src/STM32F407_I2C_LCD16x02_Driver.o
 .debug_macro   0x00000000000011f5      0x1df ./Core/Src/STM32F407_I2C_LCD16x02_Driver.o
 .debug_macro   0x00000000000013d4       0x1c ./Core/Src/STM32F407_I2C_LCD16x02_Driver.o
 .debug_macro   0x00000000000013f0       0x22 ./Core/Src/STM32F407_I2C_LCD16x02_Driver.o
 .debug_macro   0x0000000000001412       0xdf ./Core/Src/STM32F407_I2C_LCD16x02_Driver.o
 .debug_macro   0x00000000000014f1     0x102d ./Core/Src/STM32F407_I2C_LCD16x02_Driver.o
 .debug_macro   0x000000000000251e      0x11f ./Core/Src/STM32F407_I2C_LCD16x02_Driver.o
 .debug_macro   0x000000000000263d    0x15e58 ./Core/Src/STM32F407_I2C_LCD16x02_Driver.o
 .debug_macro   0x0000000000018495       0x6d ./Core/Src/STM32F407_I2C_LCD16x02_Driver.o
 .debug_macro   0x0000000000018502     0x3666 ./Core/Src/STM32F407_I2C_LCD16x02_Driver.o
 .debug_macro   0x000000000001bb68      0x174 ./Core/Src/STM32F407_I2C_LCD16x02_Driver.o
 .debug_macro   0x000000000001bcdc       0x5c ./Core/Src/STM32F407_I2C_LCD16x02_Driver.o
 .debug_macro   0x000000000001bd38      0x96b ./Core/Src/STM32F407_I2C_LCD16x02_Driver.o
 .debug_macro   0x000000000001c6a3      0x9fe ./Core/Src/STM32F407_I2C_LCD16x02_Driver.o
 .debug_macro   0x000000000001d0a1      0x116 ./Core/Src/STM32F407_I2C_LCD16x02_Driver.o
 .debug_macro   0x000000000001d1b7      0x13e ./Core/Src/STM32F407_I2C_LCD16x02_Driver.o
 .debug_macro   0x000000000001d2f5       0xa5 ./Core/Src/STM32F407_I2C_LCD16x02_Driver.o
 .debug_macro   0x000000000001d39a      0x174 ./Core/Src/STM32F407_I2C_LCD16x02_Driver.o
 .debug_macro   0x000000000001d50e      0x287 ./Core/Src/STM32F407_I2C_LCD16x02_Driver.o
 .debug_macro   0x000000000001d795       0x5f ./Core/Src/STM32F407_I2C_LCD16x02_Driver.o
 .debug_macro   0x000000000001d7f4      0x236 ./Core/Src/STM32F407_I2C_LCD16x02_Driver.o
 .debug_macro   0x000000000001da2a      0x12c ./Core/Src/STM32F407_I2C_LCD16x02_Driver.o
 .debug_macro   0x000000000001db56      0x21e ./Core/Src/STM32F407_I2C_LCD16x02_Driver.o
 .debug_macro   0x000000000001dd74       0x2e ./Core/Src/STM32F407_I2C_LCD16x02_Driver.o
 .debug_macro   0x000000000001dda2      0x1b5 ./Core/Src/STM32F407_I2C_LCD16x02_Driver.o
 .debug_macro   0x000000000001df57       0xd6 ./Core/Src/STM32F407_I2C_LCD16x02_Driver.o
 .debug_macro   0x000000000001e02d      0x11a ./Core/Src/STM32F407_I2C_LCD16x02_Driver.o
 .debug_macro   0x000000000001e147       0x7e ./Core/Src/STM32F407_I2C_LCD16x02_Driver.o
 .debug_macro   0x000000000001e1c5       0x89 ./Core/Src/STM32F407_I2C_LCD16x02_Driver.o
 .debug_macro   0x000000000001e24e      0x8d1 ./Core/Src/STM32F407_I2C_LCD16x02_Driver.o
 .debug_macro   0x000000000001eb1f       0x47 ./Core/Src/STM32F407_I2C_LCD16x02_Driver.o
 .debug_macro   0x000000000001eb66      0x12d ./Core/Src/STM32F407_I2C_LCD16x02_Driver.o
 .debug_macro   0x000000000001ec93       0x76 ./Core/Src/STM32F407_I2C_LCD16x02_Driver.o
 .debug_macro   0x000000000001ed09      0x2d8 ./Core/Src/ayarlar.o
 .debug_macro   0x000000000001efe1       0x52 ./Core/Src/ayarlar.o
 .debug_macro   0x000000000001f033       0x18 ./Core/Src/ayarlar.o
 .debug_macro   0x000000000001f04b       0x52 ./Core/Src/ayarlar.o
 .debug_macro   0x000000000001f09d       0x3c ./Core/Src/ayarlar.o
 .debug_macro   0x000000000001f0d9       0x34 ./Core/Src/ayarlar.o
 .debug_macro   0x000000000001f10d       0x16 ./Core/Src/ayarlar.o
 .debug_macro   0x000000000001f123       0x35 ./Core/Src/ayarlar.o
 .debug_macro   0x000000000001f158       0x16 ./Core/Src/ayarlar.o
 .debug_macro   0x000000000001f16e       0x43 ./Core/Src/ayarlar.o
 .debug_macro   0x000000000001f1b1       0x34 ./Core/Src/ayarlar.o
 .debug_macro   0x000000000001f1e5       0x10 ./Core/Src/ayarlar.o
 .debug_macro   0x000000000001f1f5       0x58 ./Core/Src/ayarlar.o
 .debug_macro   0x000000000001f24d       0x71 ./Core/Src/ayarlar.o
 .debug_macro   0x000000000001f2be       0x1c ./Core/Src/ayarlar.o
 .debug_macro   0x000000000001f2da      0x12a ./Core/Src/ayarlar.o
 .debug_macro   0x000000000001f404      0x333 ./Core/Src/ayarlar.o
 .debug_macro   0x000000000001f737       0x16 ./Core/Src/ayarlar.o
 .debug_macro   0x000000000001f74d       0x29 ./Core/Src/ayarlar.o
 .debug_macro   0x000000000001f776       0xd6 ./Core/Src/ayarlar.o
 .debug_macro   0x000000000001f84c       0x82 ./Core/Src/ayarlar.o
 .debug_macro   0x000000000001f8ce      0x1ed ./Core/Src/liquidcrystal_i2c.o
 .debug_macro   0x000000000001fabb       0xd0 ./Core/Src/liquidcrystal_i2c.o
 .debug_macro   0x000000000001fb8b      0x2de ./Core/Src/main.o
 .debug_macro   0x000000000001fe69       0x4c ./Core/Src/main.o
 .debug_macro   0x000000000001feb5      0x1ed ./Core/Src/rtc.o
 .debug_macro   0x00000000000200a2       0x7c ./Core/Src/rtc.o
 .debug_macro   0x000000000002011e      0x1ed ./Core/Src/stm32f4xx_hal_msp.o
 .debug_macro   0x000000000002030b      0x1f7 ./Core/Src/stm32f4xx_it.o
 .debug_macro   0x0000000000020502      0x1de ./Core/Src/system_stm32f4xx.o
 .debug_macro   0x00000000000206e0      0x23e ./Drivers/STM32F4xx_HAL_Driver/Src/stm32f4xx_hal.o
 .debug_macro   0x000000000002091e      0x1de ./Drivers/STM32F4xx_HAL_Driver/Src/stm32f4xx_hal_cortex.o
 .debug_macro   0x0000000000020afc      0x1e4 ./Drivers/STM32F4xx_HAL_Driver/Src/stm32f4xx_hal_flash.o
 .debug_macro   0x0000000000020ce0      0x1e4 ./Drivers/STM32F4xx_HAL_Driver/Src/stm32f4xx_hal_flash_ex.o
 .debug_macro   0x0000000000020ec4      0x1e4 ./Drivers/STM32F4xx_HAL_Driver/Src/stm32f4xx_hal_gpio.o
 .debug_macro   0x00000000000210a8      0x225 ./Drivers/STM32F4xx_HAL_Driver/Src/stm32f4xx_hal_i2c.o
 .debug_macro   0x00000000000212cd      0x202 ./Drivers/STM32F4xx_HAL_Driver/Src/stm32f4xx_hal_rcc.o
 .debug_macro   0x00000000000214cf      0x1df ./Drivers/STM32F4xx_HAL_Driver/Src/stm32f4xx_hal_tim.o
 .debug_macro   0x00000000000216ae      0x1de ./Drivers/STM32F4xx_HAL_Driver/Src/stm32f4xx_hal_tim_ex.o

.debug_line     0x0000000000000000    0x14202
 .debug_line    0x0000000000000000      0x8e8 ./Core/Src/STM32F407_I2C_LCD16x02_Driver.o
 .debug_line    0x00000000000008e8     0x33ba ./Core/Src/ayarlar.o
 .debug_line    0x0000000000003ca2      0xacc ./Core/Src/liquidcrystal_i2c.o
 .debug_line    0x000000000000476e      0xa90 ./Core/Src/main.o
 .debug_line    0x00000000000051fe      0xba1 ./Core/Src/rtc.o
 .debug_line    0x0000000000005d9f      0x765 ./Core/Src/stm32f4xx_hal_msp.o
 .debug_line    0x0000000000006504      0x7a2 ./Core/Src/stm32f4xx_it.o
 .debug_line    0x0000000000006ca6      0x761 ./Core/Src/system_stm32f4xx.o
 .debug_line    0x0000000000007407       0x88 ./Core/Startup/startup_stm32f407vgtx.o
 .debug_line    0x000000000000748f      0x9c7 ./Drivers/STM32F4xx_HAL_Driver/Src/stm32f4xx_hal.o
 .debug_line    0x0000000000007e56      0xc76 ./Drivers/STM32F4xx_HAL_Driver/Src/stm32f4xx_hal_cortex.o
 .debug_line    0x0000000000008acc      0xa4f ./Drivers/STM32F4xx_HAL_Driver/Src/stm32f4xx_hal_flash.o
 .debug_line    0x000000000000951b      0xa75 ./Drivers/STM32F4xx_HAL_Driver/Src/stm32f4xx_hal_flash_ex.o
 .debug_line    0x0000000000009f90      0xb3d ./Drivers/STM32F4xx_HAL_Driver/Src/stm32f4xx_hal_gpio.o
 .debug_line    0x000000000000aacd     0x3973 ./Drivers/STM32F4xx_HAL_Driver/Src/stm32f4xx_hal_i2c.o
 .debug_line    0x000000000000e440      0xd43 ./Drivers/STM32F4xx_HAL_Driver/Src/stm32f4xx_hal_rcc.o
 .debug_line    0x000000000000f183     0x36bb ./Drivers/STM32F4xx_HAL_Driver/Src/stm32f4xx_hal_tim.o
 .debug_line    0x000000000001283e     0x19c4 ./Drivers/STM32F4xx_HAL_Driver/Src/stm32f4xx_hal_tim_ex.o

.debug_str      0x0000000000000000    0xcb4ce
 .debug_str     0x0000000000000000    0xc3c70 ./Core/Src/STM32F407_I2C_LCD16x02_Driver.o
                                      0xc3f85 (size before relaxing)
 .debug_str     0x00000000000c3c70     0x3c55 ./Core/Src/ayarlar.o
                                      0xc705e (size before relaxing)
 .debug_str     0x00000000000c78c5      0x36e ./Core/Src/liquidcrystal_i2c.o
                                      0xc3c81 (size before relaxing)
 .debug_str     0x00000000000c7c33      0x558 ./Core/Src/main.o
                                      0xc77b0 (size before relaxing)
 .debug_str     0x00000000000c818b      0x1ff ./Core/Src/rtc.o
                                      0xc35ec (size before relaxing)
 .debug_str     0x00000000000c838a       0x89 ./Core/Src/stm32f4xx_hal_msp.o
                                      0xc3c1e (size before relaxing)
 .debug_str     0x00000000000c8413       0xbd ./Core/Src/stm32f4xx_it.o
                                      0xc3333 (size before relaxing)
 .debug_str     0x00000000000c84d0       0xaf ./Core/Src/system_stm32f4xx.o
                                      0xc32f1 (size before relaxing)
 .debug_str     0x00000000000c857f       0x36 ./Core/Startup/startup_stm32f407vgtx.o
                                         0x7f (size before relaxing)
 .debug_str     0x00000000000c85b5      0x588 ./Drivers/STM32F4xx_HAL_Driver/Src/stm32f4xx_hal.o
                                      0xc3dd3 (size before relaxing)
 .debug_str     0x00000000000c8b3d      0x399 ./Drivers/STM32F4xx_HAL_Driver/Src/stm32f4xx_hal_cortex.o
                                      0xc3bc2 (size before relaxing)
 .debug_str     0x00000000000c8ed6      0x2a9 ./Drivers/STM32F4xx_HAL_Driver/Src/stm32f4xx_hal_flash.o
                                      0xc34dc (size before relaxing)
 .debug_str     0x00000000000c917f      0x252 ./Drivers/STM32F4xx_HAL_Driver/Src/stm32f4xx_hal_flash_ex.o
                                      0xc3542 (size before relaxing)
 .debug_str     0x00000000000c93d1      0x150 ./Drivers/STM32F4xx_HAL_Driver/Src/stm32f4xx_hal_gpio.o
                                      0xc3498 (size before relaxing)
 .debug_str     0x00000000000c9521      0xabe ./Drivers/STM32F4xx_HAL_Driver/Src/stm32f4xx_hal_i2c.o
                                      0xc4273 (size before relaxing)
 .debug_str     0x00000000000c9fdf      0x243 ./Drivers/STM32F4xx_HAL_Driver/Src/stm32f4xx_hal_rcc.o
                                      0xc36f3 (size before relaxing)
 .debug_str     0x00000000000ca222      0xdbe ./Drivers/STM32F4xx_HAL_Driver/Src/stm32f4xx_hal_tim.o
                                      0xc4620 (size before relaxing)
 .debug_str     0x00000000000cafe0      0x4ee ./Drivers/STM32F4xx_HAL_Driver/Src/stm32f4xx_hal_tim_ex.o
                                      0xc3dd1 (size before relaxing)

.comment        0x0000000000000000       0x53
 .comment       0x0000000000000000       0x53 ./Core/Src/STM32F407_I2C_LCD16x02_Driver.o
                                         0x54 (size before relaxing)
 .comment       0x0000000000000053       0x54 ./Core/Src/ayarlar.o
 .comment       0x0000000000000053       0x54 ./Core/Src/liquidcrystal_i2c.o
 .comment       0x0000000000000053       0x54 ./Core/Src/main.o
 .comment       0x0000000000000053       0x54 ./Core/Src/rtc.o
 .comment       0x0000000000000053       0x54 ./Core/Src/stm32f4xx_hal_msp.o
 .comment       0x0000000000000053       0x54 ./Core/Src/stm32f4xx_it.o
 .comment       0x0000000000000053       0x54 ./Core/Src/system_stm32f4xx.o
 .comment       0x0000000000000053       0x54 ./Drivers/STM32F4xx_HAL_Driver/Src/stm32f4xx_hal.o
 .comment       0x0000000000000053       0x54 ./Drivers/STM32F4xx_HAL_Driver/Src/stm32f4xx_hal_cortex.o
 .comment       0x0000000000000053       0x54 ./Drivers/STM32F4xx_HAL_Driver/Src/stm32f4xx_hal_flash.o
 .comment       0x0000000000000053       0x54 ./Drivers/STM32F4xx_HAL_Driver/Src/stm32f4xx_hal_flash_ex.o
 .comment       0x0000000000000053       0x54 ./Drivers/STM32F4xx_HAL_Driver/Src/stm32f4xx_hal_gpio.o
 .comment       0x0000000000000053       0x54 ./Drivers/STM32F4xx_HAL_Driver/Src/stm32f4xx_hal_i2c.o
 .comment       0x0000000000000053       0x54 ./Drivers/STM32F4xx_HAL_Driver/Src/stm32f4xx_hal_rcc.o
 .comment       0x0000000000000053       0x54 ./Drivers/STM32F4xx_HAL_Driver/Src/stm32f4xx_hal_tim.o
 .comment       0x0000000000000053       0x54 ./Drivers/STM32F4xx_HAL_Driver/Src/stm32f4xx_hal_tim_ex.o

.debug_frame    0x0000000000000000     0x4538
 .debug_frame   0x0000000000000000      0x19c ./Core/Src/STM32F407_I2C_LCD16x02_Driver.o
 .debug_frame   0x000000000000019c      0x388 ./Core/Src/ayarlar.o
 .debug_frame   0x0000000000000524      0x3f0 ./Core/Src/liquidcrystal_i2c.o
 .debug_frame   0x0000000000000914      0x120 ./Core/Src/main.o
 .debug_frame   0x0000000000000a34      0x348 ./Core/Src/rtc.o
 .debug_frame   0x0000000000000d7c       0xd0 ./Core/Src/stm32f4xx_hal_msp.o
 .debug_frame   0x0000000000000e4c      0x104 ./Core/Src/stm32f4xx_it.o
 .debug_frame   0x0000000000000f50       0x58 ./Core/Src/system_stm32f4xx.o
 .debug_frame   0x0000000000000fa8      0x374 ./Drivers/STM32F4xx_HAL_Driver/Src/stm32f4xx_hal.o
 .debug_frame   0x000000000000131c      0x498 ./Drivers/STM32F4xx_HAL_Driver/Src/stm32f4xx_hal_cortex.o
 .debug_frame   0x00000000000017b4      0x274 ./Drivers/STM32F4xx_HAL_Driver/Src/stm32f4xx_hal_flash.o
 .debug_frame   0x0000000000001a28      0x250 ./Drivers/STM32F4xx_HAL_Driver/Src/stm32f4xx_hal_flash_ex.o
 .debug_frame   0x0000000000001c78      0x14c ./Drivers/STM32F4xx_HAL_Driver/Src/stm32f4xx_hal_gpio.o
 .debug_frame   0x0000000000001dc4      0xc5c ./Drivers/STM32F4xx_HAL_Driver/Src/stm32f4xx_hal_i2c.o
 .debug_frame   0x0000000000002a20      0x1f0 ./Drivers/STM32F4xx_HAL_Driver/Src/stm32f4xx_hal_rcc.o
 .debug_frame   0x0000000000002c10     0x11c4 ./Drivers/STM32F4xx_HAL_Driver/Src/stm32f4xx_hal_tim.o
 .debug_frame   0x0000000000003dd4      0x638 ./Drivers/STM32F4xx_HAL_Driver/Src/stm32f4xx_hal_tim_ex.o
 .debug_frame   0x000000000000440c       0x2c c:/st/stm32cubeide_1.8.0/stm32cubeide/plugins/com.st.stm32cube.ide.mcu.externaltools.gnu-tools-for-stm32.9-2020-q2-update.win32_2.0.0.202105311346/tools/bin/../lib/gcc/arm-none-eabi/9.3.1/../../../../arm-none-eabi/lib/thumb/v7e-m+fp/hard\libc_nano.a(lib_a-init.o)
 .debug_frame   0x0000000000004438       0x38 c:/st/stm32cubeide_1.8.0/stm32cubeide/plugins/com.st.stm32cube.ide.mcu.externaltools.gnu-tools-for-stm32.9-2020-q2-update.win32_2.0.0.202105311346/tools/bin/../lib/gcc/arm-none-eabi/9.3.1/../../../../arm-none-eabi/lib/thumb/v7e-m+fp/hard\libc_nano.a(lib_a-itoa.o)
 .debug_frame   0x0000000000004470       0x20 c:/st/stm32cubeide_1.8.0/stm32cubeide/plugins/com.st.stm32cube.ide.mcu.externaltools.gnu-tools-for-stm32.9-2020-q2-update.win32_2.0.0.202105311346/tools/bin/../lib/gcc/arm-none-eabi/9.3.1/../../../../arm-none-eabi/lib/thumb/v7e-m+fp/hard\libc_nano.a(lib_a-memset.o)
 .debug_frame   0x0000000000004490       0x48 c:/st/stm32cubeide_1.8.0/stm32cubeide/plugins/com.st.stm32cube.ide.mcu.externaltools.gnu-tools-for-stm32.9-2020-q2-update.win32_2.0.0.202105311346/tools/bin/../lib/gcc/arm-none-eabi/9.3.1/../../../../arm-none-eabi/lib/thumb/v7e-m+fp/hard\libc_nano.a(lib_a-utoa.o)
 .debug_frame   0x00000000000044d8       0x2c c:/st/stm32cubeide_1.8.0/stm32cubeide/plugins/com.st.stm32cube.ide.mcu.externaltools.gnu-tools-for-stm32.9-2020-q2-update.win32_2.0.0.202105311346/tools/bin/../lib/gcc/arm-none-eabi/9.3.1/thumb/v7e-m+fp/hard\libgcc.a(_aeabi_uldivmod.o)
 .debug_frame   0x0000000000004504       0x34 c:/st/stm32cubeide_1.8.0/stm32cubeide/plugins/com.st.stm32cube.ide.mcu.externaltools.gnu-tools-for-stm32.9-2020-q2-update.win32_2.0.0.202105311346/tools/bin/../lib/gcc/arm-none-eabi/9.3.1/thumb/v7e-m+fp/hard\libgcc.a(_udivmoddi4.o)
