ayarlar.c:110:6:Genel_Ekran_Ayar	8	static
ayarlar.c:224:6:Ayar_Gun	16	static
ayarlar.c:587:6:Ayar_Pompa	8	static
ayarlar.c:780:6:pompa1_ayar	72	static
ayarlar.c:984:7:pompa2_ayar	64	static
ayarlar.c:1152:7:pompa3_ayar	64	static
ayarlar.c:1319:7:pompa4_ayar	64	static
ayarlar.c:1502:6:pazartesi	16	static
ayarlar.c:1736:6:sali	16	static
ayarlar.c:1964:6:carsamba	16	static
ayarlar.c:2190:6:persembe	16	static
ayarlar.c:2411:6:cuma	16	static
ayarlar.c:2632:6:cumartesi	16	static
ayarlar.c:2852:6:pazar	16	static
ayarlar.c:3076:6:saat_ayarlar	64	static
ayarlar.c:3294:6:Flash_Write	32	static
ayarlar.c:3311:6:Flash_Write2	32	static
ayarlar.c:3329:6:Flash_Write3	32	static
ayarlar.c:3346:6:Flash_Write4	32	static
ayarlar.c:3363:6:Flash_Write5	32	static
ayarlar.c:3381:6:Flash_Write6	32	static
ayarlar.c:3398:11:Flash_Read	24	static
ayarlar.c:3412:11:Flash_Read2	24	static
ayarlar.c:3426:11:Flash_Read3	24	static
ayarlar.c:3440:11:Flash_Read4	24	static
ayarlar.c:3451:11:Flash_Read5	24	static
