rtc.c:8:9:DEC2BCD	24	static
rtc.c:14:9:BCD2DEC	16	static
rtc.c:18:6:write_data_set	8	static
rtc.c:22:6:write_data_reset	8	static
rtc.c:30:9:read_data_pin	8	static
rtc.c:38:6:write_clk_set	8	static
rtc.c:42:6:write_clk_reset	8	static
rtc.c:46:6:write_rst_set	8	static
rtc.c:50:6:write_rst_reset	8	static
rtc.c:57:13:dat_pin_write_mode	32	static
rtc.c:71:13:dat_pin_read_mode	32	static
rtc.c:88:6:ds1302_pin_init	40	static
rtc.c:100:6:DS1302_Init	8	static
rtc.c:121:6:ds1302_byte_write	24	static
rtc.c:140:9:ds1302_byte_read	16	static
rtc.c:159:6:ds1302_single_write	16	static
rtc.c:178:9:ds1302_single_read	24	static
rtc.c:203:13:convert_time_struct	32	static
rtc.c:249:6:DS1302_SetTime_Struct	40	static
rtc.c:265:13:DS1302_ReadTime_Struct	48	static
rtc.c:304:6:ds1302_burst_write	24	static
rtc.c:324:6:ds1302_burst_read	32	static
rtc.c:341:6:DS1302_SetTime_Struct_Burst	48	static
rtc.c:359:13:DS1302_ReadTime_Struct_Burst	56	static
