STM32F407_I2C_LCD16x02_Driver.c:21:13:GPIO_Config	40	static
STM32F407_I2C_LCD16x02_Driver.c:47:13:I2C_Config	16	static
STM32F407_I2C_LCD16x02_Driver.c:72:6:LCD_Send_Cmd	32	static
STM32F407_I2C_LCD16x02_Driver.c:114:6:LCD_Send_Data	32	static
STM32F407_I2C_LCD16x02_Driver.c:143:6:lcd_send_data	32	static
STM32F407_I2C_LCD16x02_Driver.c:164:6:LCD_Init	8	static
STM32F407_I2C_LCD16x02_Driver.c:202:6:LCD_Send_String	16	static
STM32F407_I2C_LCD16x02_Driver.c:216:6:LCD_Clear_Then_Display	16	static
STM32F407_I2C_LCD16x02_Driver.c:229:6:LCD_Send_String_On_Line1	16	static
STM32F407_I2C_LCD16x02_Driver.c:241:6:LCD_Send_String_On_Line2	16	static
STM32F407_I2C_LCD16x02_Driver.c:253:6:LCD_Display_Long_Message	32	static
